{
  "version": "1.5.0",
  "plugins_used": [
    {
      "name": "ArtifactoryDetector"
    },
    {
      "name": "AWSKeyDetector"
    },
    {
      "name": "AzureStorageKeyDetector"
    },
    {
      "name": "Base64HighEntropyString",
      "limit": 4.5
    },
    {
      "name": "BasicAuthDetector"
    },
    {
      "name": "CloudantDetector"
    },
    {
      "name": "DiscordBotTokenDetector"
    },
    {
      "name": "GitHubTokenDetector"
    },
    {
      "name": "GitLabTokenDetector"
    },
    {
      "name": "HexHighEntropyString",
      "limit": 3.0
    },
    {
      "name": "IbmCloudIamDetector"
    },
    {
      "name": "IbmCosHmacDetector"
    },
    {
      "name": "IPPublicDetector"
    },
    {
      "name": "JwtTokenDetector"
    },
    {
      "name": "KeywordDetector",
      "keyword_exclude": ""
    },
    {
      "name": "MailchimpDetector"
    },
    {
      "name": "NpmDetector"
    },
    {
      "name": "OpenAIDetector"
    },
    {
      "name": "PrivateKeyDetector"
    },
    {
      "name": "PypiTokenDetector"
    },
    {
      "name": "SendGridDetector"
    },
    {
      "name": "SlackDetector"
    },
    {
      "name": "SoftlayerDetector"
    },
    {
      "name": "SquareOAuthDetector"
    },
    {
      "name": "StripeDetector"
    },
    {
      "name": "TelegramBotTokenDetector"
    },
    {
      "name": "TwilioKeyDetector"
    }
  ],
  "filters_used": [
    {
      "path": "detect_secrets.filters.allowlist.is_line_allowlisted"
    },
    {
      "path": "detect_secrets.filters.common.is_baseline_file",
      "filename": ".secrets.baseline"
    },
    {
      "path": "detect_secrets.filters.common.is_ignored_due_to_verification_policies",
      "min_level": 2
    },
    {
      "path": "detect_secrets.filters.heuristic.is_indirect_reference"
    },
    {
      "path": "detect_secrets.filters.heuristic.is_likely_id_string"
    },
    {
      "path": "detect_secrets.filters.heuristic.is_lock_file"
    },
    {
      "path": "detect_secrets.filters.heuristic.is_not_alphanumeric_string"
    },
    {
      "path": "detect_secrets.filters.heuristic.is_potential_uuid"
    },
    {
      "path": "detect_secrets.filters.heuristic.is_prefixed_with_dollar_sign"
    },
    {
      "path": "detect_secrets.filters.heuristic.is_sequential_string"
    },
    {
      "path": "detect_secrets.filters.heuristic.is_swagger_file"
    },
    {
      "path": "detect_secrets.filters.heuristic.is_templated_secret"
    }
  ],
  "results": {
    ".github/workflows/ci.yml": [
      {
        "type": "Secret Keyword",
        "filename": ".github/workflows/ci.yml",
        "hashed_secret": "afc848c316af1a89d49826c5ae9d00ed769415f3",
        "is_verified": false,
        "line_number": 29,
        "is_secret": false
      },
      {
        "type": "Basic Auth Credentials",
        "filename": ".github/workflows/ci.yml",
        "hashed_secret": "afc848c316af1a89d49826c5ae9d00ed769415f3",
        "is_verified": false,
        "line_number": 55,
        "is_secret": false
      }
    ],
    ".vscode/launch.json": [
      {
        "type": "Basic Auth Credentials",
        "filename": ".vscode/launch.json",
        "hashed_secret": "434216db5cc876c608773232063dfd493744be32",
        "is_verified": false,
        "line_number": 153,
        "is_secret": false
      }
    ],
    "CASCADE-backend/.env.example": [
      {
        "type": "Basic Auth Credentials",
        "filename": "CASCADE-backend/.env.example",
        "hashed_secret": "fa9beb99e4029ad5a6615399e7bbae21356086b3",
        "is_verified": false,
        "line_number": 24,
        "is_secret": false
      }
    ],
    "CASCADE-backend/test/test_db.py": [
      {
        "type": "Basic Auth Credentials",
        "filename": "CASCADE-backend/test/test_db.py",
        "hashed_secret": "1a91d62f7ca67399625a4368a6ab5d4a3baa6073",
        "is_verified": false,
        "line_number": 9,
        "is_secret": false
      }
    ],
    "README.md": [
      {
        "type": "Basic Auth Credentials",
        "filename": "README.md",
        "hashed_secret": "1a91d62f7ca67399625a4368a6ab5d4a3baa6073",
        "is_verified": false,
        "line_number": 53,
        "is_secret": false
      }
    ],
    "deploy/docker-compose.prod.yml": [
      {
        "type": "Secret Keyword",
        "filename": "deploy/docker-compose.prod.yml",
        "hashed_secret": "7cb6efb98ba5972a9b5090dc2e517fe14d12cb04",
        "is_verified": false,
        "line_number": 48,
        "is_secret": false
      }
    ],
    "docs/project/deployment.md": [
      {
        "type": "Basic Auth Credentials",
        "filename": "docs/project/deployment.md",
        "hashed_secret": "9d4e1e23bd5b727046a9e3b4b7db57bd8d6ee684",
        "is_verified": false,
        "line_number": 74,
        "is_secret": false
      }
    ],
    "skills-lock.json": [
      {
        "type": "Hex High Entropy String",
        "filename": "skills-lock.json",
        "hashed_secret": "d4a9a5d1196f88b2a0d24b23b65adbf8502eba19",
        "is_verified": false,
        "line_number": 8,
        "is_secret": false
      },
      {
        "type": "Hex High Entropy String",
        "filename": "skills-lock.json",
        "hashed_secret": "d908777d9f511fae8168f22d0522e282955a0bf5",
        "is_verified": false,
        "line_number": 14,
        "is_secret": false
      },
      {
        "type": "Hex High Entropy String",
        "filename": "skills-lock.json",
        "hashed_secret": "fb8c6df1f3d0fe5cb2c78a41df0e8eb825c39145",
        "is_verified": false,
        "line_number": 20,
        "is_secret": false
      },
      {
        "type": "Hex High Entropy String",
        "filename": "skills-lock.json",
        "hashed_secret": "a78b45e7f3ea2346ef0deeebedcfd80eef8a4fcc",
        "is_verified": false,
        "line_number": 26,
        "is_secret": false
      },
      {
        "type": "Hex High Entropy String",
        "filename": "skills-lock.json",
        "hashed_secret": "723bf8a6cdcbf2b36e969034fc4f76ebb88f4a02",
        "is_verified": false,
        "line_number": 32,
        "is_secret": false
      },
      {
        "type": "Hex High Entropy String",
        "filename": "skills-lock.json",
        "hashed_secret": "cee7eff0f0e1fd6f3ef29ce5bd0a10f11a4d1753",
        "is_verified": false,
        "line_number": 38,
        "is_secret": false
      },
      {
        "type": "Hex High Entropy String",
        "filename": "skills-lock.json",
        "hashed_secret": "074aa613e0b60f881dbff8dd4e05d0b63d9a3d78",
        "is_verified": false,
        "line_number": 44,
        "is_secret": false
      },
      {
        "type": "Hex High Entropy String",
        "filename": "skills-lock.json",
        "hashed_secret": "ece3f2d98410b7dab147ff7ee5d1b85ccb33c36a",
        "is_verified": false,
        "line_number": 50,
        "is_secret": false
      },
      {
        "type": "Hex High Entropy String",
        "filename": "skills-lock.json",
        "hashed_secret": "7f0fd17943a195fae1523cedae42af7d1d1aa92a",
        "is_verified": false,
        "line_number": 56,
        "is_secret": false
      },
      {
        "type": "Hex High Entropy String",
        "filename": "skills-lock.json",
        "hashed_secret": "db144ae8a88b53ff0dd4a19121502d8526c49a1c",
        "is_verified": false,
        "line_number": 62,
        "is_secret": false
      },
      {
        "type": "Hex High Entropy String",
        "filename": "skills-lock.json",
        "hashed_secret": "a33797aa3f137cd5c9093b0c237f21bc9e42b40e",
        "is_verified": false,
        "line_number": 68,
        "is_secret": false
      },
      {
        "type": "Hex High Entropy String",
        "filename": "skills-lock.json",
        "hashed_secret": "f4145eedbfff060c0039afbf4659c6b693d69886",
        "is_verified": false,
        "line_number": 74,
        "is_secret": false
      },
      {
        "type": "Hex High Entropy String",
        "filename": "skills-lock.json",
        "hashed_secret": "db5eb4076cf7e974ce1a309d1f1121d31619a696",
        "is_verified": false,
        "line_number": 80,
        "is_secret": false
      },
      {
        "type": "Hex High Entropy String",
        "filename": "skills-lock.json",
        "hashed_secret": "adb16383924c58db91acf8712230f06cbf8b8e8a",
        "is_verified": false,
        "line_number": 86,
        "is_secret": false
      }
    ]
  },
  "generated_at": "2026-09-09T09:38:25Z"
}
