/home/cristian-curaba/Desktop/CASCADE-v2/CASCADE-backend/.venv/lib/python3.12/site-packages/wntr/epanet/io.py:2082: UserWarning: Not all curves were used in "../raw-networks/aqueducts/Tarcento_totale.inp"; added with type None, units conversion left to user
  warnings.warn('Not all curves were used in "{}"; added with type None, units conversion left to user'.format(self.wn.name))

=== Tarcento_totale.inp (499 pipes, 1 pumps) ===
    trunk-10% (unfiltered, production): 51 links, 13 are bridges
    trunk-20% (cycle-only, priority's pool): 78 links
    [B-cycle-singles] 47/78 contingency solves converged
    [C-production] 47/71 contingency solves converged
    [D-pairs+triplets] 16/30 contingency solves converged
    A(floor) -> B(cycle singles, few): 395/499 pipes gained capacity, mean +0.0034 m3/s, max +0.0535 m3/s
    B(cycle singles) -> C(PRODUCTION, current final_benchmark.csv basis): 209/499 pipes gained capacity, mean +0.0008 m3/s, max +0.0202 m3/s
    B(cycle singles) -> D(cycle singles+pairs+triplets): 64/499 pipes gained capacity, mean +0.0005 m3/s, max +0.0026 m3/s
    C(PRODUCTION) -> D(cycle full ensemble): 120/499 pipes gained capacity, mean +0.0015 m3/s, max +0.0079 m3/s
    top pipes where PRODUCTION > cycle-singles-only (id, cap_B, cap_C, diam_mm):
      PTAR_0176  B=0.1033 C=0.1234 diam=260mm [cycle link]
      PTAR_0163  B=0.0458 C=0.0597 diam=207mm [cycle link]
      PTAR_0213  B=0.0432 C=0.0569 diam=207mm [cycle link]
      PTAR_0211  B=0.0395 C=0.0528 diam=207mm [cycle link]
      PTAR_0207  B=0.0360 C=0.0492 diam=207mm [cycle link]
      PTAR_0206  B=0.0249 C=0.0380 diam=209mm [cycle link]
      PTAR_0096  B=0.0251 C=0.0338 diam=207mm [cycle link]
      PTAR_0164  B=0.0439 C=0.0483 diam=207mm [cycle link]
