/home/cristian-curaba/Desktop/CASCADE-v2/CASCADE-backend/.venv/lib/python3.12/site-packages/wntr/epanet/io.py:2082: UserWarning: Not all curves were used in "../raw-networks/aqueducts/CTown.inp"; added with type None, units conversion left to user
  warnings.warn('Not all curves were used in "{}"; added with type None, units conversion left to user'.format(self.wn.name))

=== CTown.inp (429 pipes, 11 pumps) ===
    trunk-10% (unfiltered, production): 54 links, 26 are bridges
    trunk-20% (cycle-only, priority's pool): 45 links
    [B-cycle-singles] 45/45 contingency solves converged
    [C-production] 74/74 contingency solves converged
    [D-pairs+triplets] 30/30 contingency solves converged
    A(floor) -> B(cycle singles, few): 324/429 pipes gained capacity, mean +0.0159 m3/s, max +0.1961 m3/s
    B(cycle singles) -> C(PRODUCTION, current final_benchmark.csv basis): 119/429 pipes gained capacity, mean +0.0062 m3/s, max +0.0503 m3/s
    B(cycle singles) -> D(cycle singles+pairs+triplets): 66/429 pipes gained capacity, mean +0.0006 m3/s, max +0.0124 m3/s
    C(PRODUCTION) -> D(cycle full ensemble): 108/429 pipes gained capacity, mean +0.0026 m3/s, max +0.0293 m3/s
    top pipes where PRODUCTION > cycle-singles-only (id, cap_B, cap_C, diam_mm):
      P21        B=0.1976 C=0.2478 diam=406mm [cycle link]
      P13        B=0.3209 C=0.3706 diam=406mm [BRIDGE via random-sample?]
      P14        B=0.3234 C=0.3730 diam=406mm [BRIDGE via random-sample?]
      P15        B=0.3254 C=0.3750 diam=406mm [BRIDGE via random-sample?]
      P8         B=0.2871 C=0.3362 diam=406mm [cycle link]
      P7         B=0.3037 C=0.3529 diam=508mm [cycle link]
      P139       B=0.3066 C=0.3557 diam=406mm [cycle link]
      P12        B=0.3076 C=0.3568 diam=406mm [cycle link]
