=== 11:40 starting Net1 ===

=== Net1 (9 junctions, n_levels=3) ===
  cluster#0  FMS=1.000 (null=0.864 reach=1.000, n=  8)  breaks=['110', '12', '11', '112'] hot=- v>3:0/12(max1.6)
  cluster#1  FMS=1.000 (null=0.773 reach=1.000, n=  8)  breaks=['31', '121', '11', '111', '112', '10'] hot=- v>3:0/12(max1.8)
  cluster#2  FMS=1.000 (null=0.682 reach=1.000, n=  8)  breaks=['122', '21', '121', '31', '111'] hot=- v>3:0/12(max1.0)
  cluster#3  FMS=1.000 (null=0.636 reach=1.000, n=  8)  breaks=['110', '12', '22', '112', '11', '113'] hot=- v>3:0/12(max1.1)
  cluster#4  FMS=1.000 (null=0.864 reach=1.000, n=  8)  breaks=['111', '9', '10', '11'] hot=- v>3:0/12(max0.8)
  cluster#5  FMS=1.000 (null=0.682 reach=1.000, n=  8)  breaks=['10', '21', '111', '112', '31', '122'] hot=- v>3:0/12(max1.1)
  cluster#6  FMS=1.000 (null=0.636 reach=1.000, n=  8)  breaks=['22', '113', '12', '112', '110', '11'] hot=- v>3:0/12(max1.1)
  cluster#7  FMS=1.000 (null=0.636 reach=1.000, n=  8)  breaks=['112', '110', '113', '12', '22', '11'] hot=- v>3:0/12(max1.1)
  cluster#8  FMS=1.000 (null=0.000 reach=1.000, n=  8)  breaks=['111', '113', '10', '21', '22', '110'] hot=- v>3:0/12(max0.0)
  cluster#9  FMS=1.000 (null=0.000 reach=1.000, n=  8)  breaks=['121', '21', '11', '10', '110', '111'] hot=- v>3:0/12(max0.0)
  cluster#10 FMS=1.000 (null=0.636 reach=1.000, n=  8)  breaks=['11', '10', '22', '21', '111', '31'] hot=- v>3:0/12(max0.6)
  cluster#11 FMS=1.000 (null=0.682 reach=1.000, n=  8)  breaks=['10', '111', '11', '31', '122', '121'] hot=- v>3:0/12(max0.6)
  cluster#12 FMS=1.000 (null=0.682 reach=1.000, n=  8)  breaks=['11', '121', '111', '10', '31', '122'] hot=- v>3:0/12(max0.6)
  cluster#13 FMS=1.000 (null=0.136 reach=1.000, n=  8)  breaks=['12', '121', '9', '11', '112', '10'] hot=- v>3:0/12(max0.1)
  cluster#14 FMS=1.000 (null=0.000 reach=1.000, n=  8)  breaks=['110', '121', '10', '11', '21', '111'] hot=- v>3:0/12(max0.0)
  cluster#15 FMS=1.000 (null=0.500 reach=1.000, n=  8)  breaks=['112', '11', '21', '111', '31', '22'] hot=- v>3:0/12(max0.5)
  cluster#16 FMS=1.000 (null=0.864 reach=1.000, n=  8)  breaks=['9', '111', '11', '10'] hot=- v>3:0/12(max0.8)
  cluster#17 FMS=1.000 (null=0.682 reach=1.000, n=  8)  breaks=['31', '111', '21', '121', '122'] hot=- v>3:0/12(max1.0)
  cluster#18 FMS=1.000 (null=0.136 reach=1.000, n=  8)  breaks=['12', '10', '112', '11', '21', '122'] hot=- v>3:0/12(max0.1)
  cluster#19 FMS=1.000 (null=0.273 reach=1.000, n=  8)  breaks=['110', '11', '22', '12', '121', '21'] hot=- v>3:0/12(max0.3)
  cluster#20 FMS=1.000 (null=0.273 reach=1.000, n=  8)  breaks=['110', '12', '122', '22', '111', '112'] hot=- v>3:0/12(max0.2)
  cluster#21 FMS=1.000 (null=0.000 reach=1.000, n=  8)  breaks=['111', '110', '10', '121', '12', '21'] hot=- v>3:0/12(max0.0)
  cluster#22 FMS=1.000 (null=0.591 reach=1.000, n=  8)  breaks=['21', '122', '112', '22', '12', '113'] hot=- v>3:0/12(max0.7)
  cluster#23 FMS=1.000 (null=1.000 reach=1.000, n=  8)  breaks=['10', '9'] hot=- v>3:0/12(max0.7)
  cluster#24 FMS=1.000 (null=0.864 reach=1.000, n=  8)  breaks=['12', '110', '11', '112'] hot=- v>3:0/12(max1.6)
  cluster#25 FMS=1.000 (null=0.864 reach=1.000, n=  8)  breaks=['12', '112', '110', '11'] hot=- v>3:0/12(max1.6)
  cluster#26 FMS=1.000 (null=0.000 reach=1.000, n=  8)  breaks=['111', '10', '112', '12', '9', '110'] hot=- v>3:0/12(max0.0)
  cluster#27 FMS=1.000 (null=0.636 reach=1.000, n=  8)  breaks=['110', '112', '11', '113', '22', '12'] hot=- v>3:0/12(max1.1)
  cluster#28 FMS=1.000 (null=0.864 reach=1.000, n=  8)  breaks=['11', '10', '111', '9'] hot=- v>3:0/12(max0.8)
  cluster#29 FMS=1.000 (null=0.273 reach=1.000, n=  8)  breaks=['122', '12', '22', '111', '110', '112'] hot=- v>3:0/12(max0.2)
  cluster#30 FMS=1.000 (null=0.000 reach=1.000, n=  8)  breaks=['12', '112', '111', '9', '110', '11'] hot=- v>3:0/12(max0.0)
  cluster#31 FMS=1.000 (null=0.000 reach=1.000, n=  8)  breaks=['21', '112', '10', '121', '12', '110'] hot=- v>3:0/12(max0.0)
  cluster#32 FMS=1.000 (null=0.364 reach=1.000, n=  8)  breaks=['112', '113', '21', '31', '11', '111'] hot=- v>3:0/12(max0.2)
  cluster#33 FMS=1.000 (null=0.364 reach=1.000, n=  8)  breaks=['11', '10', '22', '31', '112', '122'] hot=- v>3:0/12(max0.5)
  cluster#34 FMS=1.000 (null=0.273 reach=1.000, n=  8)  breaks=['21', '111', '113', '12', '112', '10'] hot=- v>3:0/12(max0.2)
  cluster#36 FMS=1.000 (null=0.864 reach=1.000, n=  8)  breaks=['10', '111', '9', '11'] hot=- v>3:0/12(max0.8)
  cluster#37 FMS=1.000 (null=0.636 reach=1.000, n=  8)  breaks=['110', '112', '11', '12', '22', '113'] hot=- v>3:0/12(max1.1)
  cluster#38 FMS=1.000 (null=0.227 reach=1.000, n=  8)  breaks=['113', '21', '11', '10', '122', '112'] hot=- v>3:0/12(max0.2)
  cluster#39 FMS=1.000 (null=0.773 reach=1.000, n=  8)  breaks=['113', '121', '112', '22', '110', '12'] hot=- v>3:0/12(max1.1)
  cluster#40 FMS=1.000 (null=0.864 reach=1.000, n=  8)  breaks=['9', '10', '111', '11'] hot=- v>3:0/12(max0.8)
  cluster#41 FMS=1.000 (null=0.591 reach=1.000, n=  8)  breaks=['110', '12', '22', '112', '122', '121'] hot=- v>3:0/12(max0.7)
  cluster#42 FMS=1.000 (null=0.727 reach=1.000, n=  8)  breaks=['112', '121', '31', '122', '12', '113'] hot=- v>3:0/12(max1.0)
  cluster#43 FMS=1.000 (null=0.864 reach=1.000, n=  8)  breaks=['9', '10', '11', '111'] hot=- v>3:0/12(max0.8)
  cluster#44 FMS=1.000 (null=1.000 reach=1.000, n=  8)  breaks=['10', '9'] hot=- v>3:0/12(max0.7)
  cluster#45 FMS=1.000 (null=0.682 reach=1.000, n=  8)  breaks=['111', '31', '122', '121', '21'] hot=- v>3:0/12(max1.0)
  cluster#46 FMS=1.000 (null=0.682 reach=1.000, n=  8)  breaks=['31', '122', '111', '21', '121'] hot=- v>3:0/12(max1.0)
  cluster#47 FMS=1.000 (null=0.000 reach=1.000, n=  8)  breaks=['12', '10', '9', '110', '111', '121'] hot=- v>3:0/12(max0.0)
  cluster#48 FMS=1.000 (null=0.864 reach=1.000, n=  8)  breaks=['111', '9', '11', '10'] hot=- v>3:0/12(max0.8)
  cluster#49 FMS=1.000 (null=0.682 reach=1.000, n=  8)  breaks=['121', '111', '122', '31', '21'] hot=- v>3:0/12(max1.0)
  cluster#50 FMS=1.000 (null=1.000 reach=1.000, n=  8)  breaks=['10', '9'] hot=- v>3:0/12(max0.7)
  cluster#51 FMS=1.000 (null=1.000 reach=1.000, n=  8)  breaks=['10', '9'] hot=- v>3:0/12(max0.7)
  cluster#52 FMS=1.000 (null=0.636 reach=1.000, n=  8)  breaks=['11', '112', '110', '12', '22', '113'] hot=- v>3:0/12(max1.1)
  cluster#53 FMS=1.000 (null=0.000 reach=1.000, n=  8)  breaks=['22', '122', '112', '10', '11', '110'] hot=- v>3:0/12(max0.0)
  cluster#54 FMS=1.000 (null=0.682 reach=1.000, n=  8)  breaks=['111', '21', '31', '121', '122'] hot=- v>3:0/12(max1.0)
  cluster#55 FMS=1.000 (null=0.000 reach=1.000, n=  8)  breaks=['21', '11', '121', '12', '110', '10'] hot=- v>3:0/12(max0.0)
  cluster#56 FMS=1.000 (null=0.682 reach=1.000, n=  8)  breaks=['111', '122', '21', '31', '121'] hot=- v>3:0/12(max1.0)
  cluster#57 FMS=1.000 (null=0.636 reach=1.000, n=  8)  breaks=['110', '112', '11', '113', '22', '12'] hot=- v>3:0/12(max1.1)
  cluster#58 FMS=1.000 (null=0.682 reach=1.000, n=  8)  breaks=['21', '31', '122', '111', '121'] hot=- v>3:0/12(max1.0)
  cluster#59 FMS=1.000 (null=0.636 reach=1.000, n=  8)  breaks=['110', '11', '112', '12', '113', '22'] hot=- v>3:0/12(max1.1)
  targeted#0 FMS=1.000 (null=1.000 reach=1.000, n=  8)  breaks=['10'] hot=- v>3:0/12(max0.7)
  targeted#1 FMS=0.909 (null=1.000 reach=1.000, n=  8)  breaks=['110'] hot=- v>3:0/12(max0.7)
  targeted#2 FMS=1.000 (null=1.000 reach=1.000, n=  8)  breaks=['9'] hot=- v>3:0/12(max0.7)
  targeted#3 FMS=1.000 (null=0.000 reach=1.000, n=  8)  breaks=['10', '110'] hot=- v>3:0/12(max0.0)
  targeted#4 FMS=1.000 (null=1.000 reach=1.000, n=  8)  breaks=['10', '9'] hot=- v>3:0/12(max0.7)
  targeted#5 FMS=1.000 (null=0.000 reach=1.000, n=  8)  breaks=['110', '9'] hot=- v>3:0/12(max0.0)
  targeted#6 FMS=1.000 (null=0.000 reach=1.000, n=  8)  breaks=['10', '110', '9'] hot=- v>3:0/12(max0.0)
  tank#0     FMS=0.909 (null=1.000 reach=1.000, n=  8)  breaks=['110'] hot=- v>3:0/12(max0.7)
  source#0   FMS=1.000 (null=1.000 reach=1.000, n=  8)  breaks=['9'] hot=- v>3:0/12(max0.7)
  -> Net1 mean FMS = 0.997 over 68 situations
  -> Net1 binary (critical=level 1 vs operational): TP=246 FP=0 FN=0 TN=298  accuracy=1.000 precision=1.000 recall=1.000 f1=1.000

AGGREGATE FMS across 68 situations: 0.997
AGGREGATE FMS by scenario kind (does fidelity hold outside independent random failure?):
  cluster    mean FMS = 1.000  (null=0.545 reach=1.000, n=59 situations)
  targeted   mean FMS = 0.987  (null=0.571 reach=1.000, n=7 situations)
  tank       mean FMS = 0.909  (null=1.000 reach=1.000, n=1 situations)
  source     mean FMS = 1.000  (null=1.000 reach=1.000, n=1 situations)
REACHABILITY-BASELINE binary confusion, n=544: TP=246 FP=0 FN=0 TN=298  precision=1.000 recall=1.000
AGGREGATE binary confusion (critical=level 1 vs operational), n=544:
                  pred critical   pred operational
  true critical             246                   0
  true operational            0                 298
  accuracy=1.000  precision=1.000  recall=1.000  f1=1.000
=== 11:41 starting Net2 ===

=== Net2 (35 junctions, n_levels=3) ===
  cluster#0  FMS=1.000 (null=0.480 reach=0.610, n= 32)  breaks=['16', '20', '37', '18', '13', '21'] hot=- v>3:0/40(max0.4)
  cluster#1  FMS=1.000 (null=0.966 reach=1.000, n= 32)  breaks=['38', '34', '41', '40', '32', '39'] hot=- v>3:0/40(max0.8)
  cluster#2  FMS=1.000 (null=0.941 reach=1.000, n= 32)  breaks=['38', '41', '40', '34', '31', '39'] hot=- v>3:0/40(max0.8)
  cluster#3  FMS=1.000 (null=0.966 reach=1.000, n= 32)  breaks=['40', '34', '41', '32', '39', '38'] hot=- v>3:0/40(max0.8)
  cluster#4  FMS=1.000 (null=0.811 reach=0.907, n= 32)  breaks=['8', '2', '9', '5', '6', '7'] hot=- v>3:0/40(max0.7)
  cluster#6  FMS=1.000 (null=0.907 reach=1.000, n= 32)  breaks=['2', '3', '5', '1', '4'] hot=- v>3:0/40(max0.8)
  cluster#7  FMS=1.000 (null=0.851 reach=1.000, n= 32)  breaks=['25', '24', '23', '22', '35'] hot=- v>3:0/40(max0.7)
  cluster#8  FMS=1.000 (null=0.660 reach=0.867, n= 32)  breaks=['8', '7', '11', '12', '9'] hot=- v>3:0/40(max0.6)
  cluster#9  FMS=1.000 (null=0.808 reach=1.000, n= 32)  breaks=['17', '19', '20', '18', '37', '21'] hot=- v>3:0/40(max0.7)
  cluster#10 FMS=1.000 (null=0.610 reach=0.811, n= 32)  breaks=['11', '12', '9', '13'] hot=- v>3:0/40(max0.5)
  cluster#11 FMS=1.000 (null=0.610 reach=0.811, n= 32)  breaks=['12', '11', '13', '9'] hot=- v>3:0/40(max0.5)
  cluster#14 FMS=1.000 (null=0.851 reach=1.000, n= 32)  breaks=['36', '23', '22', '25', '24', '35'] hot=- v>3:0/40(max0.7)
  cluster#16 FMS=1.000 (null=0.449 reach=0.660, n= 32)  breaks=['16', '21', '13', '12', '15', '22'] hot=- v>3:0/40(max0.5)
  cluster#17 FMS=1.000 (null=0.941 reach=1.000, n= 32)  breaks=['40', '39', '31', '41', '32', '38'] hot=- v>3:0/40(max0.8)
  cluster#18 FMS=1.000 (null=0.888 reach=1.000, n= 32)  breaks=['40', '34', '30', '31', '38', '32'] hot=- v>3:0/40(max0.8)
  cluster#19 FMS=1.000 (null=0.811 reach=0.907, n= 32)  breaks=['9', '2', '8', '7', '5', '6'] hot=- v>3:0/40(max0.7)
  cluster#20 FMS=1.000 (null=0.851 reach=1.000, n= 32)  breaks=['23', '25', '35', '36', '24', '22'] hot=- v>3:0/40(max0.7)
  cluster#22 FMS=1.000 (null=0.882 reach=0.975, n= 32)  breaks=['5', '4', '6', '2', '3'] hot=- v>3:0/40(max0.8)
  cluster#23 FMS=1.000 (null=0.189 reach=0.449, n= 32)  breaks=['20', '19', '16', '27', '21', '15'] hot=- v>3:0/40(max0.2)
  cluster#24 FMS=1.000 (null=0.910 reach=1.000, n= 32)  breaks=['36', '25', '23', '35', '24'] hot=- v>3:0/40(max0.8)
  cluster#25 FMS=1.000 (null=0.975 reach=1.000, n= 32)  breaks=['3', '2', '1'] hot=- v>3:0/40(max0.8)
  cluster#26 FMS=1.000 (null=0.000 reach=0.189, n= 32)  breaks=['27', '28', '26', '29', '30'] hot=- v>3:0/40(max0.0)
  cluster#27 FMS=1.000 (null=0.882 reach=1.000, n= 32)  breaks=['1', '2', '6', '4', '3', '5'] hot=- v>3:0/40(max0.8)
  cluster#28 FMS=1.000 (null=0.966 reach=1.000, n= 32)  breaks=['39', '41', '40', '34', '32', '38'] hot=- v>3:0/40(max0.8)
  cluster#29 FMS=1.000 (null=0.130 reach=0.195, n= 32)  breaks=['27', '26', '15', '28', '17'] hot=- v>3:0/40(max0.1)
  cluster#30 FMS=1.000 (null=0.851 reach=1.000, n= 32)  breaks=['22', '35', '25', '23', '24'] hot=- v>3:0/40(max0.7)
  cluster#31 FMS=1.000 (null=0.851 reach=1.000, n= 32)  breaks=['35', '23', '22', '25', '24'] hot=- v>3:0/40(max0.7)
  cluster#32 FMS=1.000 (null=0.604 reach=0.768, n= 32)  breaks=['11', '16', '14', '12', '13'] hot=- v>3:0/40(max0.5)
  cluster#33 FMS=1.000 (null=0.888 reach=1.000, n= 32)  breaks=['40', '38', '31', '32', '34', '30'] hot=- v>3:0/40(max0.8)
  cluster#34 FMS=1.000 (null=0.201 reach=0.660, n= 32)  breaks=['16', '17', '12', '14', '18', '22'] hot=- v>3:0/40(max0.2)
  cluster#35 FMS=1.000 (null=0.610 reach=0.811, n= 32)  breaks=['13', '12', '11', '9'] hot=- v>3:0/40(max0.5)
  cluster#36 FMS=1.000 (null=0.811 reach=0.867, n= 32)  breaks=['9', '7', '8', '10'] hot=- v>3:0/40(max0.7)
  cluster#37 FMS=1.000 (null=0.907 reach=1.000, n= 32)  breaks=['1', '5', '4', '2', '3'] hot=- v>3:0/40(max0.8)
  cluster#38 FMS=1.000 (null=0.189 reach=0.610, n= 32)  breaks=['22', '15', '13', '27', '17', '23'] hot=- v>3:0/40(max0.2)
  cluster#40 FMS=1.000 (null=0.610 reach=0.811, n= 32)  breaks=['9', '11', '13', '12'] hot=- v>3:0/40(max0.5)
  cluster#41 FMS=1.000 (null=0.882 reach=0.975, n= 32)  breaks=['2', '4', '3', '6', '5'] hot=- v>3:0/40(max0.8)
  cluster#42 FMS=1.000 (null=0.851 reach=1.000, n= 32)  breaks=['36', '23', '25', '22', '35', '24'] hot=- v>3:0/40(max0.7)
  cluster#43 FMS=1.000 (null=0.941 reach=1.000, n= 32)  breaks=['31', '40', '38', '39', '41', '32'] hot=- v>3:0/40(max0.8)
  cluster#44 FMS=1.000 (null=0.811 reach=0.867, n= 32)  breaks=['10', '8', '7', '9'] hot=- v>3:0/40(max0.7)
  cluster#45 FMS=1.000 (null=0.966 reach=1.000, n= 32)  breaks=['38', '34', '40', '41', '39', '32'] hot=- v>3:0/40(max0.8)
  cluster#46 FMS=1.000 (null=0.000 reach=0.155, n= 32)  breaks=['26', '29', '28', '30', '31'] hot=- v>3:0/40(max0.0)
  cluster#47 FMS=1.000 (null=0.189 reach=0.350, n= 32)  breaks=['22', '27', '19', '15', '14', '17'] hot=- v>3:0/40(max0.2)
  cluster#48 FMS=1.000 (null=0.319 reach=0.542, n= 32)  breaks=['14', '18', '15', '21', '37', '20'] hot=- v>3:0/40(max0.3)
  cluster#49 FMS=1.000 (null=0.604 reach=0.768, n= 32)  breaks=['13', '12', '16', '11', '14'] hot=- v>3:0/40(max0.5)
  cluster#50 FMS=1.000 (null=0.941 reach=1.000, n= 32)  breaks=['39', '38', '34', '31', '40', '32'] hot=- v>3:0/40(max0.8)
  cluster#51 FMS=1.000 (null=0.604 reach=0.768, n= 32)  breaks=['14', '12', '13', '16', '11'] hot=- v>3:0/40(max0.5)
  cluster#52 FMS=1.000 (null=0.350 reach=0.660, n= 32)  breaks=['21', '13', '18', '17', '14', '12'] hot=- v>3:0/40(max0.3)
  cluster#53 FMS=1.000 (null=0.811 reach=0.867, n= 32)  breaks=['8', '9', '10', '7'] hot=- v>3:0/40(max0.7)
  cluster#54 FMS=1.000 (null=0.845 reach=1.000, n= 32)  breaks=['15', '25', '22', '14', '24', '35'] hot=- v>3:0/40(max1.3)
  cluster#55 FMS=1.000 (null=0.000 reach=0.155, n= 32)  breaks=['30', '31', '29', '26', '28'] hot=- v>3:0/40(max0.0)
  cluster#56 FMS=1.000 (null=0.000 reach=0.189, n= 32)  breaks=['27', '26', '30', '29', '28'] hot=- v>3:0/40(max0.0)
  cluster#57 FMS=1.000 (null=0.000 reach=0.189, n= 32)  breaks=['29', '27', '30', '28', '26'] hot=- v>3:0/40(max0.0)
  cluster#58 FMS=1.000 (null=0.356 reach=0.660, n= 32)  breaks=['12', '21', '16', '17', '13', '18'] hot=- v>3:0/40(max0.3)
  cluster#59 FMS=1.000 (null=0.966 reach=1.000, n= 32)  breaks=['41', '32', '39', '38', '34', '40'] hot=- v>3:0/40(max0.8)
  targeted#0 FMS=1.000 (null=1.000 reach=1.000, n= 32)  breaks=['1'] hot=- v>3:0/40(max0.9)
  targeted#1 FMS=1.000 (null=1.000 reach=1.000, n= 32)  breaks=['2'] hot=- v>3:0/40(max0.9)
  targeted#2 FMS=1.000 (null=1.000 reach=1.000, n= 32)  breaks=['5'] hot=- v>3:0/40(max0.9)
  targeted#3 FMS=1.000 (null=0.882 reach=0.882, n= 32)  breaks=['6'] hot=- v>3:0/40(max0.8)
  targeted#4 FMS=1.000 (null=0.867 reach=0.867, n= 32)  breaks=['7'] hot=- v>3:0/40(max0.7)
  targeted#5 FMS=1.000 (null=0.957 reach=1.000, n= 32)  breaks=['8'] hot=- v>3:0/40(max0.8)
  targeted#6 FMS=1.000 (null=0.811 reach=0.811, n= 32)  breaks=['9'] hot=- v>3:0/40(max0.7)
  targeted#7 FMS=1.000 (null=0.768 reach=0.768, n= 32)  breaks=['11'] hot=- v>3:0/40(max0.7)
  targeted#8 FMS=1.000 (null=1.000 reach=1.000, n= 32)  breaks=['1', '2'] hot=- v>3:0/40(max0.9)
  targeted#9 FMS=1.000 (null=1.000 reach=1.000, n= 32)  breaks=['1', '5'] hot=- v>3:0/40(max0.9)
  targeted#10 FMS=1.000 (null=0.882 reach=1.000, n= 32)  breaks=['1', '6'] hot=- v>3:0/40(max0.8)
  targeted#11 FMS=1.000 (null=0.867 reach=1.000, n= 32)  breaks=['1', '7'] hot=- v>3:0/40(max0.7)
  targeted#12 FMS=1.000 (null=0.957 reach=1.000, n= 32)  breaks=['1', '8'] hot=- v>3:0/40(max0.8)
  targeted#13 FMS=1.000 (null=0.811 reach=1.000, n= 32)  breaks=['1', '9'] hot=- v>3:0/40(max0.7)
  targeted#14 FMS=1.000 (null=0.768 reach=1.000, n= 32)  breaks=['1', '11'] hot=- v>3:0/40(max0.7)
  targeted#15 FMS=1.000 (null=0.907 reach=0.907, n= 32)  breaks=['2', '5'] hot=- v>3:0/40(max0.8)
  targeted#16 FMS=1.000 (null=0.882 reach=0.882, n= 32)  breaks=['2', '6'] hot=- v>3:0/40(max0.8)
  targeted#17 FMS=1.000 (null=0.867 reach=0.867, n= 32)  breaks=['2', '7'] hot=- v>3:0/40(max0.7)
  targeted#18 FMS=1.000 (null=0.957 reach=1.000, n= 32)  breaks=['2', '8'] hot=- v>3:0/40(max0.8)
  targeted#19 FMS=1.000 (null=0.811 reach=0.811, n= 32)  breaks=['2', '9'] hot=- v>3:0/40(max0.7)
  targeted#20 FMS=1.000 (null=0.768 reach=0.768, n= 32)  breaks=['11', '2'] hot=- v>3:0/40(max0.7)
  targeted#21 FMS=1.000 (null=0.882 reach=0.882, n= 32)  breaks=['5', '6'] hot=- v>3:0/40(max0.8)
  targeted#22 FMS=1.000 (null=0.867 reach=0.867, n= 32)  breaks=['5', '7'] hot=- v>3:0/40(max0.7)
  targeted#23 FMS=1.000 (null=0.957 reach=1.000, n= 32)  breaks=['5', '8'] hot=- v>3:0/40(max0.8)
  targeted#24 FMS=1.000 (null=0.811 reach=0.811, n= 32)  breaks=['5', '9'] hot=- v>3:0/40(max0.7)
  targeted#25 FMS=1.000 (null=0.768 reach=0.768, n= 32)  breaks=['11', '5'] hot=- v>3:0/40(max0.7)
  targeted#26 FMS=1.000 (null=0.867 reach=0.882, n= 32)  breaks=['6', '7'] hot=- v>3:0/40(max0.7)
  targeted#27 FMS=1.000 (null=0.839 reach=0.882, n= 32)  breaks=['6', '8'] hot=- v>3:0/40(max0.7)
  targeted#28 FMS=1.000 (null=0.907 reach=1.000, n= 32)  breaks=['1', '2', '5'] hot=- v>3:0/40(max0.8)
  targeted#29 FMS=1.000 (null=0.882 reach=1.000, n= 32)  breaks=['1', '2', '6'] hot=- v>3:0/40(max0.8)
  targeted#30 FMS=1.000 (null=0.867 reach=1.000, n= 32)  breaks=['1', '2', '7'] hot=- v>3:0/40(max0.7)
  targeted#31 FMS=1.000 (null=0.957 reach=1.000, n= 32)  breaks=['1', '2', '8'] hot=- v>3:0/40(max0.8)
  targeted#32 FMS=1.000 (null=0.811 reach=1.000, n= 32)  breaks=['1', '2', '9'] hot=- v>3:0/40(max0.7)
  targeted#33 FMS=1.000 (null=0.768 reach=1.000, n= 32)  breaks=['1', '11', '2'] hot=- v>3:0/40(max0.7)
  targeted#34 FMS=1.000 (null=0.882 reach=1.000, n= 32)  breaks=['1', '5', '6'] hot=- v>3:0/40(max0.8)
  targeted#35 FMS=1.000 (null=0.867 reach=1.000, n= 32)  breaks=['1', '5', '7'] hot=- v>3:0/40(max0.7)
  targeted#36 FMS=1.000 (null=0.957 reach=1.000, n= 32)  breaks=['1', '5', '8'] hot=- v>3:0/40(max0.8)
  targeted#37 FMS=1.000 (null=0.811 reach=1.000, n= 32)  breaks=['1', '5', '9'] hot=- v>3:0/40(max0.7)
  targeted#38 FMS=1.000 (null=0.768 reach=1.000, n= 32)  breaks=['1', '11', '5'] hot=- v>3:0/40(max0.7)
  targeted#39 FMS=1.000 (null=0.867 reach=1.000, n= 32)  breaks=['1', '6', '7'] hot=- v>3:0/40(max0.7)
  targeted#40 FMS=1.000 (null=0.839 reach=1.000, n= 32)  breaks=['1', '6', '8'] hot=- v>3:0/40(max0.7)
  targeted#41 FMS=1.000 (null=0.811 reach=1.000, n= 32)  breaks=['1', '6', '9'] hot=- v>3:0/40(max0.7)
  targeted#42 FMS=1.000 (null=0.768 reach=1.000, n= 32)  breaks=['1', '11', '6'] hot=- v>3:0/40(max0.7)
  targeted#43 FMS=1.000 (null=0.823 reach=1.000, n= 32)  breaks=['1', '7', '8'] hot=- v>3:0/40(max0.7)
  targeted#44 FMS=1.000 (null=0.811 reach=1.000, n= 32)  breaks=['1', '7', '9'] hot=- v>3:0/40(max0.7)
  targeted#45 FMS=1.000 (null=0.768 reach=1.000, n= 32)  breaks=['1', '11', '7'] hot=- v>3:0/40(max0.7)
  targeted#46 FMS=1.000 (null=0.811 reach=1.000, n= 32)  breaks=['1', '8', '9'] hot=- v>3:0/40(max0.7)
  targeted#47 FMS=1.000 (null=0.768 reach=1.000, n= 32)  breaks=['1', '11', '8'] hot=- v>3:0/40(max0.7)
  targeted#48 FMS=1.000 (null=0.768 reach=1.000, n= 32)  breaks=['1', '11', '9'] hot=- v>3:0/40(max0.7)
  targeted#49 FMS=1.000 (null=0.882 reach=0.907, n= 32)  breaks=['2', '5', '6'] hot=- v>3:0/40(max0.8)
  targeted#50 FMS=1.000 (null=0.867 reach=0.907, n= 32)  breaks=['2', '5', '7'] hot=- v>3:0/40(max0.7)
  targeted#51 FMS=1.000 (null=0.864 reach=0.907, n= 32)  breaks=['2', '5', '8'] hot=- v>3:0/40(max0.7)
  targeted#52 FMS=1.000 (null=0.811 reach=0.907, n= 32)  breaks=['2', '5', '9'] hot=- v>3:0/40(max0.7)
  targeted#53 FMS=1.000 (null=0.768 reach=0.907, n= 32)  breaks=['11', '2', '5'] hot=- v>3:0/40(max0.7)
  targeted#54 FMS=1.000 (null=0.867 reach=0.882, n= 32)  breaks=['2', '6', '7'] hot=- v>3:0/40(max0.7)
  targeted#55 FMS=1.000 (null=0.839 reach=0.882, n= 32)  breaks=['2', '6', '8'] hot=- v>3:0/40(max0.7)
  targeted#56 FMS=1.000 (null=0.811 reach=0.882, n= 32)  breaks=['2', '6', '9'] hot=- v>3:0/40(max0.7)
  targeted#57 FMS=1.000 (null=0.768 reach=0.882, n= 32)  breaks=['11', '2', '6'] hot=- v>3:0/40(max0.7)
  tank#0     FMS=1.000 (null=0.000 reach=0.000, n= 32)  breaks=['29'] hot=- v>3:0/40(max0.0)
  -> Net2 mean FMS = 1.000 over 113 situations
  -> Net2 binary (critical=level 1 vs operational): TP=954 FP=0 FN=0 TN=2662  accuracy=1.000 precision=1.000 recall=1.000 f1=1.000

AGGREGATE FMS across 113 situations: 1.000
AGGREGATE FMS by scenario kind (does fidelity hold outside independent random failure?):
  cluster    mean FMS = 1.000  (null=0.654 reach=0.797, n=54 situations)
  targeted   mean FMS = 1.000  (null=0.857 reach=0.943, n=58 situations)
  tank       mean FMS = 1.000  (null=0.000 reach=0.000, n=1 situations)
REACHABILITY-BASELINE binary confusion, n=3616: TP=460 FP=0 FN=494 TN=2662  precision=1.000 recall=0.482
AGGREGATE binary confusion (critical=level 1 vs operational), n=3616:
                  pred critical   pred operational
  true critical             954                   0
  true operational            0                2662
  accuracy=1.000  precision=1.000  recall=1.000  f1=1.000
=== 11:41 starting Net3 ===

=== Net3 (92 junctions, n_levels=3) ===
  cluster#0  FMS=0.214 (null=0.862 reach=1.000, n= 59)  breaks=['123', '163', '329', '121', '297', '125'] hot=- v>3:4/117(max4.7)
  cluster#1  FMS=0.994 (null=0.998 reach=1.000, n= 59)  breaks=['135', '133', '131', '20'] hot=- v>3:0/117(max2.9)
  cluster#2  FMS=1.000 (null=0.985 reach=1.000, n= 59)  breaks=['50', '289', '295', '293', '287', '281'] hot=- v>3:0/117(max2.9)
  cluster#3  FMS=1.000 (null=0.998 reach=1.000, n= 59)  breaks=['275', '295', '271', '269', '277', '273'] hot=- v>3:0/117(max2.9)
  cluster#4  FMS=1.000 (null=0.982 reach=1.000, n= 59)  breaks=['287', '291', '295', '281', '293', '285'] hot=- v>3:0/117(max2.9)
  cluster#5  FMS=1.000 (null=0.990 reach=1.000, n= 59)  breaks=['217', '203', '313', '213', '223', '207'] hot=- v>3:0/117(max2.9)
  cluster#6  FMS=1.000 (null=0.869 reach=1.000, n= 59)  breaks=['315', '195', '193', '197', '325', '191'] hot=- v>3:0/117(max2.9)
  cluster#7  FMS=1.000 (null=0.991 reach=1.000, n= 59)  breaks=['285', '283', '281', '277', '275', '287'] hot=- v>3:0/117(max2.9)
  cluster#8  FMS=1.000 (null=0.997 reach=1.000, n= 59)  breaks=['203', '205', '202', '186', '209', '199'] hot=- v>3:0/117(max2.9)
  cluster#9  FMS=1.000 (null=0.978 reach=1.000, n= 59)  breaks=['163', '171', '155', '161', '159'] hot=- v>3:0/117(max2.9)
  cluster#10 FMS=0.605 (null=1.000 reach=1.000, n= 59)  breaks=['217', '309', '183', '116', '313', '311'] hot=- v>3:4/117(max5.7)
  cluster#11 FMS=1.000 (null=0.647 reach=1.000, n= 59)  breaks=['233', '231', '235', '229', '323', '239'] hot=- v>3:0/117(max2.8)
  cluster#12 FMS=1.000 (null=0.992 reach=1.000, n= 59)  breaks=['153', '161', '159', '155'] hot=- v>3:0/117(max2.9)
  cluster#13 FMS=1.000 (null=0.991 reach=1.000, n= 59)  breaks=['237', '239', '238', '241', '240'] hot=- v>3:0/117(max2.9)
  cluster#14 FMS=1.000 (null=0.647 reach=1.000, n= 59)  breaks=['189', '323', '231', '235', '233', '317'] hot=- v>3:0/117(max2.8)
  cluster#15 FMS=1.000 (null=0.992 reach=1.000, n= 59)  breaks=['153', '161', '159', '155'] hot=- v>3:0/117(max2.9)
  cluster#16 FMS=0.985 (null=1.000 reach=1.000, n= 59)  breaks=['121', '120', '297', '129', '122', '303'] hot=- v>3:0/117(max2.8)
  cluster#17 FMS=1.000 (null=1.000 reach=1.000, n= 59)  breaks=['299', '305', '119', '117', '297', '307'] hot=- v>3:0/117(max2.9)
  cluster#18 FMS=0.834 (null=0.991 reach=1.000, n= 59)  breaks=['313', '219', '183', '311', '217', '116'] hot=- v>3:4/117(max6.1)
  cluster#19 FMS=1.000 (null=0.993 reach=1.000, n= 59)  breaks=['207', '201', '195', '199', '203', '40'] hot=- v>3:0/117(max2.9)
  cluster#20 FMS=1.000 (null=0.989 reach=1.000, n= 59)  breaks=['203', '205', '237', '319', '204', '202'] hot=- v>3:0/117(max2.9)
  cluster#21 FMS=1.000 (null=0.992 reach=1.000, n= 59)  breaks=['155', '153', '159', '161'] hot=- v>3:0/117(max2.9)
  cluster#22 FMS=1.000 (null=1.000 reach=1.000, n= 59)  breaks=['215', '223', '217', '209', '311', '313'] hot=- v>3:0/117(max2.9)
  cluster#23 FMS=1.000 (null=0.983 reach=1.000, n= 59)  breaks=['238', '239', '237', '319', '323', '204'] hot=- v>3:0/117(max2.9)
  cluster#24 FMS=1.000 (null=0.991 reach=1.000, n= 59)  breaks=['287', '277', '275', '281', '285', '283'] hot=- v>3:0/117(max2.9)
  cluster#25 FMS=0.058 (null=1.000 reach=1.000, n= 59)  breaks=['329', '330', '60', '333', '335'] hot=- v>3:0/117(max2.9)
  cluster#26 FMS=1.000 (null=0.998 reach=1.000, n= 59)  breaks=['295', '277', '273', '271', '283', '269'] hot=- v>3:0/117(max2.9)
  cluster#27 FMS=1.000 (null=0.955 reach=1.000, n= 59)  breaks=['111', '225', '103', '109', '113', '114'] hot=- v>3:0/117(max2.9)
  cluster#28 FMS=1.000 (null=0.999 reach=1.000, n= 59)  breaks=['275', '283', '295', '285', '281', '277'] hot=- v>3:0/117(max2.9)
  cluster#29 FMS=0.111 (null=1.000 reach=1.000, n= 59)  breaks=['171', '123', '129', '125', '161', '297'] hot=- v>3:4/117(max5.0)
  cluster#30 FMS=1.000 (null=0.992 reach=1.000, n= 59)  breaks=['133', '137', '135', '131', '145', '147'] hot=- v>3:0/117(max2.9)
  cluster#31 FMS=0.667 (null=0.876 reach=1.000, n= 59)  breaks=['193', '195', '315', '313', '189', '187'] hot=- v>3:3/117(max5.4)
  cluster#32 FMS=0.834 (null=0.997 reach=1.000, n= 59)  breaks=['309', '180', '179', '313', '321', '185'] hot=- v>3:3/117(max6.1)
  cluster#33 FMS=1.000 (null=0.978 reach=1.000, n= 59)  breaks=['163', '159', '161', '171', '155'] hot=- v>3:0/117(max2.9)
  cluster#34 FMS=1.000 (null=0.978 reach=1.000, n= 59)  breaks=['247', '251', '249', '257'] hot=- v>3:0/117(max2.9)
  cluster#35 FMS=1.000 (null=0.983 reach=1.000, n= 59)  breaks=['303', '105', '301', '305', '307', '107'] hot=- v>3:0/117(max2.9)
  cluster#36 FMS=1.000 (null=0.876 reach=1.000, n= 59)  breaks=['193', '195', '315'] hot=- v>3:0/117(max2.9)
  cluster#37 FMS=1.000 (null=0.968 reach=1.000, n= 59)  breaks=['271', '269', '249', '247', '261', '263'] hot=- v>3:0/117(max2.9)
  cluster#38 FMS=1.000 (null=0.976 reach=1.000, n= 59)  breaks=['277', '295', '283', '285', '289', '281'] hot=- v>3:0/117(max2.9)
  cluster#39 FMS=1.000 (null=0.869 reach=1.000, n= 59)  breaks=['193', '197', '325', '195', '191', '315'] hot=- v>3:0/117(max2.9)
  cluster#40 FMS=1.000 (null=0.967 reach=1.000, n= 59)  breaks=['116', '107', '111', '225', '114', '119'] hot=- v>3:0/117(max2.9)
  cluster#41 FMS=0.665 (null=1.000 reach=1.000, n= 59)  breaks=['211', '313', '321', '189', '309', '215'] hot=- v>3:3/117(max4.8)
  cluster#42 FMS=1.000 (null=0.978 reach=1.000, n= 59)  breaks=['249', '257', '247', '251'] hot=- v>3:0/117(max2.9)
  cluster#43 FMS=1.000 (null=0.981 reach=1.000, n= 59)  breaks=['293', '275', '291', '295', '287', '283'] hot=- v>3:0/117(max2.9)
  cluster#44 FMS=1.000 (null=0.976 reach=1.000, n= 59)  breaks=['291', '283', '295', '287', '289', '275'] hot=- v>3:0/117(max2.9)
  cluster#45 FMS=1.000 (null=0.954 reach=1.000, n= 59)  breaks=['113', '114', '112', '109', '111', '225'] hot=- v>3:0/117(max2.9)
  cluster#46 FMS=1.000 (null=0.869 reach=1.000, n= 59)  breaks=['193', '325', '197', '191', '315', '195'] hot=- v>3:0/117(max2.9)
  cluster#47 FMS=1.000 (null=0.985 reach=1.000, n= 59)  breaks=['293', '289', '287', '281', '50', '295'] hot=- v>3:0/117(max2.9)
  cluster#48 FMS=1.000 (null=0.869 reach=1.000, n= 59)  breaks=['199', '195', '193', '197', '201', '315'] hot=- v>3:0/117(max2.9)
  cluster#49 FMS=0.985 (null=1.000 reach=1.000, n= 59)  breaks=['121', '299', '122', '305', '307', '303'] hot=- v>3:0/117(max2.9)
  cluster#50 FMS=1.000 (null=0.979 reach=1.000, n= 59)  breaks=['305', '115', '112', '121', '116', '114'] hot=- v>3:0/117(max2.9)
  cluster#51 FMS=1.000 (null=0.993 reach=1.000, n= 59)  breaks=['201', '203', '40', '199', '195', '207'] hot=- v>3:0/117(max2.9)
  cluster#52 FMS=1.000 (null=0.998 reach=1.000, n= 59)  breaks=['180', '215', '185', '309', '211', '311'] hot=- v>3:0/117(max2.9)
  cluster#53 FMS=0.058 (null=1.000 reach=1.000, n= 59)  breaks=['303', '305', '171', '120', '125', '119'] hot=- v>3:0/117(max2.4)
  cluster#54 FMS=1.000 (null=0.993 reach=1.000, n= 59)  breaks=['275', '287', '277', '291', '281', '289'] hot=- v>3:0/117(max2.9)
  cluster#55 FMS=1.000 (null=0.978 reach=1.000, n= 59)  breaks=['251', '257', '247', '249'] hot=- v>3:0/117(max2.9)
  cluster#56 FMS=1.000 (null=1.000 reach=1.000, n= 59)  breaks=['215', '311', '313', '186', '217', '205'] hot=- v>3:0/117(max2.9)
  cluster#57 FMS=0.974 (null=1.000 reach=1.000, n= 59)  breaks=['121', '129', '122', '120', '297', '131'] hot=- v>3:0/117(max2.8)
  cluster#58 FMS=0.994 (null=0.998 reach=1.000, n= 59)  breaks=['20', '133', '131', '135'] hot=- v>3:0/117(max2.9)
  cluster#59 FMS=1.000 (null=0.960 reach=1.000, n= 59)  breaks=['105', '107', '101', '109', '103', '10'] hot=- v>3:0/117(max2.9)
  targeted#0 FMS=1.000 (null=1.000 reach=1.000, n= 59)  breaks=['20'] hot=- v>3:0/117(max2.9)
  targeted#1 FMS=1.000 (null=1.000 reach=1.000, n= 59)  breaks=['40'] hot=- v>3:0/117(max2.9)
  targeted#2 FMS=1.000 (null=1.000 reach=1.000, n= 59)  breaks=['50'] hot=- v>3:0/117(max2.9)
  targeted#3 FMS=0.667 (null=1.000 reach=1.000, n= 59)  breaks=['123'] hot=- v>3:4/117(max4.3)
  targeted#4 FMS=0.058 (null=1.000 reach=1.000, n= 59)  breaks=['125'] hot=- v>3:0/117(max2.4)
  targeted#5 FMS=0.834 (null=1.000 reach=1.000, n= 59)  breaks=['173'] hot=- v>3:3/117(max4.5)
  targeted#6 FMS=0.834 (null=1.000 reach=1.000, n= 59)  breaks=['175'] hot=- v>3:3/117(max4.5)
  targeted#7 FMS=0.834 (null=1.000 reach=1.000, n= 59)  breaks=['177'] hot=- v>3:3/117(max4.4)
  targeted#8 FMS=1.000 (null=1.000 reach=1.000, n= 59)  breaks=['179'] hot=- v>3:3/117(max4.6)
  targeted#9 FMS=1.000 (null=1.000 reach=1.000, n= 59)  breaks=['183'] hot=- v>3:3/117(max4.8)
  targeted#10 FMS=1.000 (null=1.000 reach=1.000, n= 59)  breaks=['20', '40'] hot=- v>3:0/117(max2.9)
  targeted#11 FMS=1.000 (null=1.000 reach=1.000, n= 59)  breaks=['20', '50'] hot=- v>3:0/117(max2.9)
  targeted#12 FMS=0.667 (null=1.000 reach=1.000, n= 59)  breaks=['123', '20'] hot=- v>3:3/117(max4.6)
  targeted#13 FMS=0.095 (null=0.992 reach=0.992, n= 59)  breaks=['125', '20'] hot=- v>3:4/117(max5.2)
  targeted#14 FMS=0.834 (null=1.000 reach=1.000, n= 59)  breaks=['173', '20'] hot=- v>3:4/117(max4.3)
  targeted#15 FMS=0.834 (null=1.000 reach=1.000, n= 59)  breaks=['175', '20'] hot=- v>3:4/117(max4.3)
  targeted#16 FMS=0.834 (null=1.000 reach=1.000, n= 59)  breaks=['177', '20'] hot=- v>3:4/117(max4.2)
  targeted#17 FMS=1.000 (null=1.000 reach=1.000, n= 59)  breaks=['179', '20'] hot=- v>3:4/117(max4.3)
  targeted#18 FMS=1.000 (null=1.000 reach=1.000, n= 59)  breaks=['183', '20'] hot=- v>3:4/117(max4.5)
  targeted#19 FMS=1.000 (null=1.000 reach=1.000, n= 59)  breaks=['187', '20'] hot=- v>3:5/117(max5.3)
  targeted#20 FMS=0.667 (null=1.000 reach=1.000, n= 59)  breaks=['189', '20'] hot=- v>3:4/117(max5.7)
  targeted#21 FMS=1.000 (null=1.000 reach=1.000, n= 59)  breaks=['20', '321'] hot=- v>3:4/117(max4.3)
  targeted#22 FMS=0.117 (null=0.970 reach=0.970, n= 59)  breaks=['20', '329'] hot=- v>3:4/117(max5.5)
  targeted#23 FMS=1.000 (null=1.000 reach=1.000, n= 59)  breaks=['20', '330'] hot=- v>3:0/117(max2.9)
  targeted#24 FMS=1.000 (null=1.000 reach=1.000, n= 59)  breaks=['20', '333'] hot=- v>3:0/117(max2.9)
  targeted#25 FMS=0.117 (null=0.970 reach=0.970, n= 59)  breaks=['20', '60'] hot=- v>3:4/117(max5.5)
  targeted#26 FMS=0.981 (null=1.000 reach=1.000, n= 59)  breaks=['129', '20'] hot=- v>3:0/117(max2.9)
  targeted#27 FMS=0.992 (null=1.000 reach=1.000, n= 59)  breaks=['131', '20'] hot=- v>3:0/117(max2.9)
  targeted#28 FMS=0.994 (null=1.000 reach=1.000, n= 59)  breaks=['135', '20'] hot=- v>3:0/117(max2.9)
  targeted#29 FMS=1.000 (null=1.000 reach=1.000, n= 59)  breaks=['191', '20'] hot=- v>3:0/117(max2.8)
  targeted#30 FMS=1.000 (null=1.000 reach=1.000, n= 59)  breaks=['20', '40', '50'] hot=- v>3:1/117(max3.0)
  targeted#31 FMS=0.605 (null=1.000 reach=1.000, n= 59)  breaks=['123', '20', '40'] hot=- v>3:3/117(max5.0)
  targeted#32 FMS=0.207 (null=0.848 reach=0.848, n= 59)  breaks=['125', '20', '40'] hot=- v>3:1/117(max3.7)
  targeted#33 FMS=0.667 (null=1.000 reach=1.000, n= 59)  breaks=['173', '20', '40'] hot=- v>3:3/117(max3.6)
  targeted#34 FMS=0.667 (null=1.000 reach=1.000, n= 59)  breaks=['175', '20', '40'] hot=- v>3:3/117(max3.5)
  targeted#35 FMS=0.834 (null=1.000 reach=1.000, n= 59)  breaks=['177', '20', '40'] hot=- v>3:3/117(max3.5)
  targeted#36 FMS=0.834 (null=1.000 reach=1.000, n= 59)  breaks=['179', '20', '40'] hot=- v>3:4/117(max3.5)
  targeted#37 FMS=1.000 (null=1.000 reach=1.000, n= 59)  breaks=['183', '20', '40'] hot=- v>3:4/117(max3.8)
  targeted#38 FMS=1.000 (null=1.000 reach=1.000, n= 59)  breaks=['187', '20', '40'] hot=- v>3:7/117(max4.8)
  targeted#39 FMS=0.667 (null=1.000 reach=1.000, n= 59)  breaks=['189', '20', '40'] hot=- v>3:4/117(max6.7)
  targeted#40 FMS=0.834 (null=1.000 reach=1.000, n= 59)  breaks=['20', '321', '40'] hot=- v>3:4/117(max3.5)
  targeted#41 FMS=0.314 (null=0.741 reach=0.741, n= 59)  breaks=['20', '329', '40'] hot=- v>3:1/117(max3.8)
  targeted#42 FMS=1.000 (null=1.000 reach=1.000, n= 59)  breaks=['20', '330', '40'] hot=- v>3:0/117(max2.9)
  targeted#43 FMS=1.000 (null=1.000 reach=1.000, n= 59)  breaks=['20', '333', '40'] hot=- v>3:0/117(max2.9)
  targeted#44 FMS=0.314 (null=0.741 reach=0.741, n= 59)  breaks=['20', '40', '60'] hot=- v>3:1/117(max3.8)
  targeted#45 FMS=0.981 (null=1.000 reach=1.000, n= 59)  breaks=['129', '20', '40'] hot=- v>3:0/117(max2.9)
  targeted#46 FMS=0.992 (null=1.000 reach=1.000, n= 59)  breaks=['131', '20', '40'] hot=- v>3:0/117(max2.9)
  targeted#47 FMS=0.994 (null=1.000 reach=1.000, n= 59)  breaks=['135', '20', '40'] hot=- v>3:0/117(max2.9)
  targeted#48 FMS=1.000 (null=1.000 reach=1.000, n= 59)  breaks=['191', '20', '40'] hot=- v>3:0/117(max2.9)
  targeted#49 FMS=1.000 (null=0.876 reach=1.000, n= 59)  breaks=['193', '20', '40'] hot=- v>3:0/117(max2.7)
  targeted#50 FMS=0.667 (null=1.000 reach=1.000, n= 59)  breaks=['20', '229', '40'] hot=- v>3:4/117(max6.7)
  targeted#51 FMS=1.000 (null=1.000 reach=1.000, n= 59)  breaks=['10', '20', '40'] hot=- v>3:1/117(max3.3)
  targeted#52 FMS=0.063 (null=1.000 reach=1.000, n= 59)  breaks=['20', '335', '40'] hot=- v>3:0/117(max2.9)
  targeted#53 FMS=0.605 (null=1.000 reach=1.000, n= 59)  breaks=['123', '20', '50'] hot=- v>3:4/117(max4.8)
  targeted#54 FMS=0.043 (null=0.959 reach=0.959, n= 59)  breaks=['125', '20', '50'] hot=- v>3:3/117(max5.5)
  targeted#55 FMS=0.667 (null=1.000 reach=1.000, n= 59)  breaks=['173', '20', '50'] hot=- v>3:4/117(max5.1)
  targeted#56 FMS=0.667 (null=1.000 reach=1.000, n= 59)  breaks=['175', '20', '50'] hot=- v>3:4/117(max5.1)
  targeted#57 FMS=0.667 (null=1.000 reach=1.000, n= 59)  breaks=['177', '20', '50'] hot=- v>3:4/117(max5.0)
  targeted#58 FMS=0.834 (null=1.000 reach=1.000, n= 59)  breaks=['179', '20', '50'] hot=- v>3:4/117(max5.3)
  targeted#59 FMS=1.000 (null=1.000 reach=1.000, n= 59)  breaks=['183', '20', '50'] hot=- v>3:6/117(max5.5)
  tank#0     FMS=1.000 (null=1.000 reach=1.000, n= 59)  breaks=['40'] hot=- v>3:0/117(max2.9)
  tank#1     FMS=1.000 (null=1.000 reach=1.000, n= 59)  breaks=['50'] hot=- v>3:0/117(max2.9)
  tank#2     FMS=1.000 (null=1.000 reach=1.000, n= 59)  breaks=['20'] hot=- v>3:0/117(max2.9)
  tank#3     FMS=1.000 (null=1.000 reach=1.000, n= 59)  breaks=['40', '50'] hot=- v>3:0/117(max2.9)
  tank#4     FMS=1.000 (null=1.000 reach=1.000, n= 59)  breaks=['20', '40'] hot=- v>3:0/117(max2.9)
  tank#5     FMS=1.000 (null=1.000 reach=1.000, n= 59)  breaks=['20', '50'] hot=- v>3:0/117(max2.9)
  tank#6     FMS=1.000 (null=1.000 reach=1.000, n= 59)  breaks=['20', '40', '50'] hot=- v>3:1/117(max3.0)
  source#0   FMS=1.000 (null=1.000 reach=1.000, n= 59)  breaks=['10'] hot=- v>3:0/117(max2.9)
  source#1   FMS=0.058 (null=1.000 reach=1.000, n= 59)  breaks=['60'] hot=- v>3:0/117(max2.9)
  source#2   FMS=0.058 (null=1.000 reach=1.000, n= 59)  breaks=['10', '60'] hot=- v>3:2/117(max3.7)
  -> Net3 mean FMS = 0.843 over 130 situations
  -> Net3 binary (critical=level 1 vs operational): TP=151 FP=529 FN=3 TN=6987  accuracy=0.931 precision=0.222 recall=0.981 f1=0.362

AGGREGATE FMS across 130 situations: 0.843
AGGREGATE FMS by scenario kind (does fidelity hold outside independent random failure?):
  cluster    mean FMS = 0.916  (null=0.963 reach=1.000, n=60 situations)
  targeted   mean FMS = 0.775  (null=0.985 reach=0.987, n=60 situations)
  tank       mean FMS = 1.000  (null=1.000 reach=1.000, n=7 situations)
  source     mean FMS = 0.372  (null=1.000 reach=1.000, n=3 situations)
REACHABILITY-BASELINE binary confusion, n=7670: TP=118 FP=0 FN=36 TN=7516  precision=1.000 recall=0.766
AGGREGATE binary confusion (critical=level 1 vs operational), n=7670:
                  pred critical   pred operational
  true critical             151                   3
  true operational          529                6987
  accuracy=0.931  precision=0.222  recall=0.981  f1=0.362
=== 11:46 starting ../raw-networks/aqueducts/Cassacco_totale.inp ===

=== ../raw-networks/aqueducts/Cassacco_totale.inp (417 junctions, n_levels=3) ===
  cluster#0  FMS=1.000 (null=0.945 reach=1.000, n=410)  breaks=['PCASS_0079', 'PCASS_0081', 'PCASS_0168', 'PCASS_0078', 'PCASS_0082', 'PCASS_0080'] hot=- v>3:0/437(max1.1)
  cluster#1  FMS=1.000 (null=0.983 reach=1.000, n=410)  breaks=['PCASS_0172', 'PCASS_0173', 'PCASS_0089', 'PCASS_0175', 'PCASS_0090', 'PCASS_0174'] hot=- v>3:0/437(max1.1)
  cluster#2  FMS=1.000 (null=0.988 reach=1.000, n=410)  breaks=['PCASS_0204', 'PCASS_0205', 'PCASS_0065', 'PCASS_0064', 'PCASS_0122'] hot=- v>3:0/437(max1.1)
  cluster#3  FMS=0.832 (null=0.909 reach=0.921, n=410)  breaks=['PCASS_0336', 'PCASS_0338', 'PCASS_0054', 'PCASS_0337', 'PCASS_0053', 'PCASS_0124'] hot=- v>3:2/437(max3.8)
  cluster#4  FMS=1.000 (null=0.990 reach=1.000, n=410)  breaks=['PCASS_0385', 'PCASS_0386', 'PCASS_0136', 'PCASS_0387'] hot=- v>3:0/437(max1.1)
  cluster#5  FMS=0.988 (null=0.988 reach=0.995, n=410)  breaks=['PCASS_0213', 'PCASS_0230', 'PCASS_0099', 'PCASS_0211', 'PCASS_0210', 'PCASS_0437'] hot=- v>3:0/437(max1.1)
  cluster#6  FMS=1.000 (null=0.971 reach=1.000, n=410)  breaks=['PCASS_0197', 'PCASS_0194', 'PCASS_0196', 'PCASS_0192', 'PCASS_0193'] hot=- v>3:0/437(max1.1)
  cluster#7  FMS=1.000 (null=0.985 reach=1.000, n=410)  breaks=['PCASS_0393', 'PCASS_0094', 'PCASS_0394', 'PCASS_0395', 'PCASS_0422', 'PCASS_0070'] hot=- v>3:0/437(max1.1)
  cluster#8  FMS=1.000 (null=0.990 reach=1.000, n=410)  breaks=['PCASS_0215', 'PCASS_0216', 'PCASS_0114', 'PCASS_0221', 'PCASS_0217'] hot=- v>3:0/437(max2.4)
  cluster#9  FMS=1.000 (null=0.415 reach=1.000, n=410)  breaks=['PCASS_0436', 'PCASS_0435', 'PCASS_0224', 'PCASS_0391', 'PCASS_0069', 'PCASS_0128'] hot=- v>3:0/437(max0.4)
  cluster#10 FMS=1.000 (null=0.973 reach=1.000, n=410)  breaks=['PCASS_0189', 'PCASS_0164', 'PCASS_0178', 'PCASS_0027', 'PCASS_0179', 'PCASS_0180'] hot=- v>3:0/437(max1.1)
  cluster#11 FMS=1.000 (null=0.988 reach=1.000, n=410)  breaks=['PCASS_0334', 'PCASS_0057', 'PCASS_0059', 'PCASS_0056', 'PCASS_0335', 'PCASS_0333'] hot=- v>3:0/437(max2.5)
  cluster#12 FMS=1.000 (null=0.868 reach=1.000, n=410)  breaks=['PCASS_0015', 'PCASS_0403', 'PCASS_0105', 'PCASS_0402', 'PCASS_0265'] hot=- v>3:0/437(max1.0)
  cluster#13 FMS=1.000 (null=0.990 reach=1.000, n=410)  breaks=['PCASS_0159', 'PCASS_0160', 'PCASS_0161', 'PCASS_0312', 'PCASS_0170'] hot=- v>3:0/437(max1.1)
  cluster#14 FMS=0.986 (null=0.986 reach=1.000, n=410)  breaks=['PCASS_0379', 'PCASS_0378', 'PCASS_0192', 'PCASS_0191', 'PCASS_0065', 'PCASS_0190'] hot=- v>3:0/437(max1.1)
  cluster#15 FMS=1.000 (null=0.990 reach=1.000, n=410)  breaks=['PCASS_0076', 'PCASS_0425', 'PCASS_0077', 'PCASS_0156', 'PCASS_0303', 'PCASS_0318'] hot=- v>3:0/437(max1.1)
  cluster#16 FMS=1.000 (null=0.427 reach=1.000, n=410)  breaks=['PCASS_0066', 'PCASS_0224', 'PCASS_0127', 'PCASS_0069', 'PCASS_0340', 'PCASS_0067'] hot=- v>3:0/437(max0.4)
  cluster#17 FMS=1.000 (null=0.990 reach=1.000, n=410)  breaks=['PCASS_0413', 'PCASS_0414', 'PCASS_0137', 'PCASS_0415', 'PCASS_0411'] hot=- v>3:0/437(max1.1)
  cluster#18 FMS=1.000 (null=0.970 reach=1.000, n=410)  breaks=['PCASS_0411', 'PCASS_0295', 'PCASS_0413', 'PCASS_0137', 'PCASS_0410', 'PCASS_0139'] hot=- v>3:0/437(max1.1)
  cluster#19 FMS=1.000 (null=0.933 reach=1.000, n=410)  breaks=['PCASS_0142', 'PCASS_0287', 'PCASS_0289', 'PCASS_0297', 'PCASS_0143', 'PCASS_0288'] hot=- v>3:0/437(max1.1)
  cluster#20 FMS=1.000 (null=0.969 reach=1.000, n=410)  breaks=['PCASS_0210', 'PCASS_0219', 'PCASS_0222', 'PCASS_0223', 'PCASS_0237', 'PCASS_0218'] hot=- v>3:0/437(max1.0)
  cluster#21 FMS=1.000 (null=0.763 reach=1.000, n=410)  breaks=['PCASS_0312', 'PCASS_0150', 'PCASS_0151', 'PCASS_0285', 'PCASS_0310', 'PCASS_0157'] hot=- v>3:0/437(max1.1)
  cluster#22 FMS=1.000 (null=0.983 reach=1.000, n=410)  breaks=['PCASS_0154', 'PCASS_0359', 'PCASS_0361', 'PCASS_0153', 'PCASS_0037', 'PCASS_0035'] hot=- v>3:0/437(max1.1)
  cluster#23 FMS=1.000 (null=0.990 reach=1.000, n=410)  breaks=['PCASS_0363', 'PCASS_0420', 'PCASS_0153', 'PCASS_0359', 'PCASS_0026', 'PCASS_0283'] hot=- v>3:0/437(max1.1)
  cluster#24 FMS=1.000 (null=0.943 reach=1.000, n=410)  breaks=['PCASS_0081', 'PCASS_0165', 'PCASS_0079', 'PCASS_0163', 'PCASS_0183', 'PCASS_0184'] hot=- v>3:0/437(max1.1)
  cluster#25 FMS=1.000 (null=0.990 reach=1.000, n=410)  breaks=['PCASS_0002', 'PCASS_0331', 'PCASS_0001', 'PCASS_0269', 'PCASS_0267'] hot=- v>3:0/437(max1.1)
  cluster#26 FMS=1.000 (null=0.955 reach=1.000, n=410)  breaks=['PCASS_0083', 'PCASS_0084', 'PCASS_0080', 'PCASS_0088', 'PCASS_0421', 'PCASS_0168'] hot=- v>3:0/437(max1.1)
  cluster#27 FMS=1.000 (null=0.983 reach=1.000, n=410)  breaks=['PCASS_0026', 'PCASS_0025', 'PCASS_0363', 'PCASS_0283', 'PCASS_0284', 'PCASS_0420'] hot=- v>3:0/437(max1.1)
  cluster#28 FMS=1.000 (null=0.993 reach=1.000, n=410)  breaks=['PCASS_0416', 'PCASS_0257', 'PCASS_0266', 'PCASS_0016'] hot=- v>3:0/437(max1.1)
  cluster#29 FMS=1.000 (null=0.993 reach=1.000, n=410)  breaks=['PCASS_0300', 'PCASS_0301', 'PCASS_0304', 'PCASS_0426', 'PCASS_0147'] hot=- v>3:0/437(max1.1)
  cluster#30 FMS=1.000 (null=0.978 reach=1.000, n=410)  breaks=['PCASS_0325', 'PCASS_0273', 'PCASS_0328', 'PCASS_0326', 'PCASS_0329', 'PCASS_0327'] hot=- v>3:0/437(max1.1)
  cluster#31 FMS=1.000 (null=0.975 reach=1.000, n=410)  breaks=['PCASS_0280', 'PCASS_0027', 'PCASS_0279', 'PCASS_0179', 'PCASS_0180', 'PCASS_0189'] hot=- v>3:0/437(max1.1)
  cluster#32 FMS=1.000 (null=0.969 reach=1.000, n=410)  breaks=['PCASS_0245', 'PCASS_0131', 'PCASS_0133', 'PCASS_0249', 'PCASS_0248', 'PCASS_0246'] hot=- v>3:0/437(max1.1)
  cluster#33 FMS=1.000 (null=0.985 reach=1.000, n=410)  breaks=['PCASS_0035', 'PCASS_0361', 'PCASS_0034', 'PCASS_0037', 'PCASS_0153', 'PCASS_0359'] hot=- v>3:0/437(max1.1)
  cluster#34 FMS=1.000 (null=0.976 reach=1.000, n=410)  breaks=['PCASS_0355', 'PCASS_0357', 'PCASS_0353', 'PCASS_0358', 'PCASS_0386', 'PCASS_0354'] hot=- v>3:0/437(max1.1)
  cluster#35 FMS=1.000 (null=0.968 reach=1.000, n=410)  breaks=['PCASS_0049', 'PCASS_0184', 'PCASS_0040', 'PCASS_0183', 'PCASS_0185', 'PCASS_0186'] hot=- v>3:0/437(max1.1)
  cluster#36 FMS=1.000 (null=0.993 reach=1.000, n=410)  breaks=['PCASS_0418', 'PCASS_0417', 'PCASS_0374', 'PCASS_0439'] hot=- v>3:0/437(max1.1)
  cluster#37 FMS=1.000 (null=0.990 reach=1.000, n=410)  breaks=['PCASS_0351', 'PCASS_0352', 'PCASS_0349', 'PCASS_0010', 'PCASS_0233', 'PCASS_0009'] hot=- v>3:0/437(max1.1)
  cluster#38 FMS=1.000 (null=0.966 reach=1.000, n=410)  breaks=['PCASS_0004', 'PCASS_0320', 'PCASS_0271', 'PCASS_0256', 'PCASS_0263', 'PCASS_0107'] hot=- v>3:0/437(max1.5)
  cluster#39 FMS=1.000 (null=0.978 reach=1.000, n=410)  breaks=['PCASS_0195', 'PCASS_0383', 'PCASS_0129', 'PCASS_0196', 'PCASS_0441'] hot=- v>3:0/437(max1.1)
  cluster#40 FMS=1.000 (null=0.990 reach=1.000, n=410)  breaks=['PCASS_0281', 'PCASS_0031', 'PCASS_0360', 'PCASS_0182', 'PCASS_0181', 'PCASS_0032'] hot=- v>3:0/437(max1.1)
  cluster#41 FMS=1.000 (null=0.975 reach=1.000, n=410)  breaks=['PCASS_0189', 'PCASS_0164', 'PCASS_0185', 'PCASS_0180', 'PCASS_0032', 'PCASS_0179'] hot=- v>3:0/437(max1.1)
  cluster#42 FMS=1.000 (null=0.985 reach=1.000, n=410)  breaks=['PCASS_0094', 'PCASS_0394', 'PCASS_0070', 'PCASS_0422', 'PCASS_0395', 'PCASS_0393'] hot=- v>3:0/437(max1.1)
  cluster#43 FMS=1.000 (null=0.990 reach=1.000, n=410)  breaks=['PCASS_0368', 'PCASS_0236', 'PCASS_0369', 'PCASS_0100', 'PCASS_0367'] hot=- v>3:0/437(max1.2)
  cluster#44 FMS=1.000 (null=0.966 reach=1.000, n=410)  breaks=['PCASS_0271', 'PCASS_0107', 'PCASS_0263', 'PCASS_0256', 'PCASS_0320', 'PCASS_0004'] hot=- v>3:0/437(max1.5)
  cluster#45 FMS=1.000 (null=0.976 reach=1.000, n=410)  breaks=['PCASS_0354', 'PCASS_0358', 'PCASS_0356', 'PCASS_0353', 'PCASS_0386', 'PCASS_0357'] hot=- v>3:0/437(max1.1)
  cluster#46 FMS=0.995 (null=0.976 reach=1.000, n=410)  breaks=['PCASS_0195', 'PCASS_0196', 'PCASS_0383', 'PCASS_0129', 'PCASS_0194', 'PCASS_0197'] hot=- v>3:0/437(max1.1)
  cluster#47 FMS=0.998 (null=0.990 reach=1.000, n=410)  breaks=['PCASS_0214', 'PCASS_0116', 'PCASS_0115', 'PCASS_0212', 'PCASS_0213', 'PCASS_0211'] hot=- v>3:0/437(max2.3)
  cluster#48 FMS=1.000 (null=0.986 reach=1.000, n=410)  breaks=['PCASS_0347', 'PCASS_0010', 'PCASS_0365', 'PCASS_0009', 'PCASS_0349', 'PCASS_0008'] hot=- v>3:0/437(max1.2)
  cluster#49 FMS=0.995 (null=0.993 reach=1.000, n=410)  breaks=['PCASS_0112', 'PCASS_0010', 'PCASS_0349', 'PCASS_0350', 'PCASS_0202', 'PCASS_0009'] hot=- v>3:0/437(max1.3)
  cluster#50 FMS=1.000 (null=0.975 reach=1.000, n=410)  breaks=['PCASS_0319', 'PCASS_0157', 'PCASS_0076', 'PCASS_0156', 'PCASS_0318', 'PCASS_0158'] hot=- v>3:0/437(max1.1)
  cluster#51 FMS=1.000 (null=0.990 reach=1.000, n=410)  breaks=['PCASS_0050', 'PCASS_0187', 'PCASS_0431', 'PCASS_0188'] hot=- v>3:0/437(max1.1)
  cluster#52 FMS=0.911 (null=0.902 reach=0.911, n=410)  breaks=['PCASS_0126', 'PCASS_0123', 'PCASS_0125', 'PCASS_0124', 'PCASS_0364'] hot=- v>3:2/437(max3.8)
  cluster#53 FMS=1.000 (null=0.986 reach=1.000, n=410)  breaks=['PCASS_0397', 'PCASS_0235', 'PCASS_0101', 'PCASS_0396', 'PCASS_0102', 'PCASS_0236'] hot=- v>3:0/437(max1.1)
  cluster#54 FMS=1.000 (null=0.978 reach=1.000, n=410)  breaks=['PCASS_0156', 'PCASS_0077', 'PCASS_0318', 'PCASS_0076', 'PCASS_0303', 'PCASS_0314'] hot=- v>3:0/437(max1.1)
  cluster#55 FMS=1.000 (null=0.983 reach=1.000, n=410)  breaks=['PCASS_0175', 'PCASS_0173', 'PCASS_0174', 'PCASS_0172', 'PCASS_0089', 'PCASS_0090'] hot=- v>3:0/437(max1.1)
  cluster#56 FMS=1.000 (null=0.960 reach=1.000, n=410)  breaks=['PCASS_0164', 'PCASS_0043', 'PCASS_0186', 'PCASS_0185', 'PCASS_0040', 'PCASS_0183'] hot=- v>3:0/437(max1.1)
  cluster#57 FMS=1.000 (null=0.983 reach=1.000, n=410)  breaks=['PCASS_0114', 'PCASS_0221', 'PCASS_0215', 'PCASS_0333', 'PCASS_0051', 'PCASS_0220'] hot=- v>3:0/437(max2.4)
  cluster#58 FMS=1.000 (null=0.827 reach=1.000, n=410)  breaks=['PCASS_0098', 'PCASS_0103', 'PCASS_0012', 'PCASS_0226', 'PCASS_0013', 'PCASS_0011'] hot=- v>3:0/437(max1.0)
  cluster#59 FMS=1.000 (null=0.993 reach=1.000, n=410)  breaks=['PCASS_0354', 'PCASS_0355', 'PCASS_0353'] hot=- v>3:0/437(max1.1)
  targeted#0 FMS=1.000 (null=0.392 reach=1.000, n=410)  breaks=['PCASS_0075'] hot=- v>3:0/437(max0.4)
  targeted#1 FMS=1.000 (null=0.392 reach=1.000, n=410)  breaks=['PCASS_0309'] hot=- v>3:0/437(max0.4)
  targeted#2 FMS=1.000 (null=0.392 reach=1.000, n=410)  breaks=['PCASS_0428'] hot=- v>3:0/437(max0.4)
  targeted#3 FMS=1.000 (null=1.000 reach=1.000, n=410)  breaks=['PCASS_0053'] hot=- v>3:0/437(max2.5)
  targeted#4 FMS=0.916 (null=0.897 reach=0.897, n=410)  breaks=['PCASS_0066'] hot=- v>3:2/437(max3.8)
  targeted#5 FMS=0.915 (null=0.893 reach=0.893, n=410)  breaks=['PCASS_0069'] hot=- v>3:2/437(max3.8)
  targeted#6 FMS=0.910 (null=0.910 reach=0.910, n=410)  breaks=['PCASS_0093'] hot=- v>3:2/437(max4.5)
  targeted#7 FMS=0.910 (null=0.910 reach=0.910, n=410)  breaks=['PCASS_0123'] hot=- v>3:2/437(max3.8)
  targeted#8 FMS=0.911 (null=0.909 reach=0.909, n=410)  breaks=['PCASS_0124'] hot=- v>3:2/437(max3.8)
  targeted#9 FMS=0.915 (null=0.908 reach=0.908, n=410)  breaks=['PCASS_0125'] hot=- v>3:2/437(max3.8)
  targeted#10 FMS=1.000 (null=0.392 reach=1.000, n=410)  breaks=['PCASS_0075', 'PCASS_0309'] hot=- v>3:0/437(max0.4)
  targeted#11 FMS=1.000 (null=0.392 reach=1.000, n=410)  breaks=['PCASS_0075', 'PCASS_0428'] hot=- v>3:0/437(max0.4)
  targeted#12 FMS=1.000 (null=0.392 reach=1.000, n=410)  breaks=['PCASS_0053', 'PCASS_0075'] hot=- v>3:0/437(max0.4)
  targeted#13 FMS=1.000 (null=0.392 reach=1.000, n=410)  breaks=['PCASS_0066', 'PCASS_0075'] hot=- v>3:0/437(max0.4)
  targeted#14 FMS=1.000 (null=0.392 reach=1.000, n=410)  breaks=['PCASS_0069', 'PCASS_0075'] hot=- v>3:0/437(max0.4)
  targeted#15 FMS=1.000 (null=0.392 reach=1.000, n=410)  breaks=['PCASS_0075', 'PCASS_0093'] hot=- v>3:0/437(max0.4)
  targeted#16 FMS=1.000 (null=0.392 reach=1.000, n=410)  breaks=['PCASS_0075', 'PCASS_0123'] hot=- v>3:0/437(max0.4)
  targeted#17 FMS=1.000 (null=0.392 reach=1.000, n=410)  breaks=['PCASS_0075', 'PCASS_0124'] hot=- v>3:0/437(max0.4)
  targeted#18 FMS=1.000 (null=0.392 reach=1.000, n=410)  breaks=['PCASS_0075', 'PCASS_0125'] hot=- v>3:0/437(max0.4)
  targeted#19 FMS=1.000 (null=0.392 reach=1.000, n=410)  breaks=['PCASS_0075', 'PCASS_0126'] hot=- v>3:0/437(max0.4)
  targeted#20 FMS=1.000 (null=0.392 reach=1.000, n=410)  breaks=['PCASS_0075', 'PCASS_0127'] hot=- v>3:0/437(max0.4)
  targeted#21 FMS=1.000 (null=0.392 reach=1.000, n=410)  breaks=['PCASS_0075', 'PCASS_0128'] hot=- v>3:0/437(max0.4)
  targeted#22 FMS=1.000 (null=0.392 reach=1.000, n=410)  breaks=['PCASS_0075', 'PCASS_0145'] hot=- v>3:0/437(max0.7)
  targeted#23 FMS=1.000 (null=0.392 reach=1.000, n=410)  breaks=['PCASS_0075', 'PCASS_0146'] hot=- v>3:0/437(max0.7)
  targeted#24 FMS=1.000 (null=0.392 reach=1.000, n=410)  breaks=['PCASS_0075', 'PCASS_0147'] hot=- v>3:0/437(max0.7)
  targeted#25 FMS=1.000 (null=0.390 reach=1.000, n=410)  breaks=['PCASS_0075', 'PCASS_0298'] hot=- v>3:0/437(max0.4)
  targeted#26 FMS=1.000 (null=0.392 reach=1.000, n=410)  breaks=['PCASS_0075', 'PCASS_0299'] hot=- v>3:0/437(max0.7)
  targeted#27 FMS=1.000 (null=0.392 reach=1.000, n=410)  breaks=['PCASS_0075', 'PCASS_0300'] hot=- v>3:0/437(max0.7)
  targeted#28 FMS=1.000 (null=0.392 reach=1.000, n=410)  breaks=['PCASS_0075', 'PCASS_0304'] hot=- v>3:0/437(max0.7)
  targeted#29 FMS=1.000 (null=0.392 reach=1.000, n=410)  breaks=['PCASS_0075', 'PCASS_0335'] hot=- v>3:0/437(max0.4)
  targeted#30 FMS=1.000 (null=0.392 reach=1.000, n=410)  breaks=['PCASS_0075', 'PCASS_0309', 'PCASS_0428'] hot=- v>3:0/437(max0.4)
  targeted#31 FMS=1.000 (null=0.392 reach=1.000, n=410)  breaks=['PCASS_0053', 'PCASS_0075', 'PCASS_0309'] hot=- v>3:0/437(max0.4)
  targeted#32 FMS=1.000 (null=0.392 reach=1.000, n=410)  breaks=['PCASS_0066', 'PCASS_0075', 'PCASS_0309'] hot=- v>3:0/437(max0.4)
  targeted#33 FMS=1.000 (null=0.392 reach=1.000, n=410)  breaks=['PCASS_0069', 'PCASS_0075', 'PCASS_0309'] hot=- v>3:0/437(max0.4)
  targeted#34 FMS=1.000 (null=0.392 reach=1.000, n=410)  breaks=['PCASS_0075', 'PCASS_0093', 'PCASS_0309'] hot=- v>3:0/437(max0.4)
  targeted#35 FMS=1.000 (null=0.392 reach=1.000, n=410)  breaks=['PCASS_0075', 'PCASS_0123', 'PCASS_0309'] hot=- v>3:0/437(max0.4)
  targeted#36 FMS=1.000 (null=0.392 reach=1.000, n=410)  breaks=['PCASS_0075', 'PCASS_0124', 'PCASS_0309'] hot=- v>3:0/437(max0.4)
  targeted#37 FMS=1.000 (null=0.392 reach=1.000, n=410)  breaks=['PCASS_0075', 'PCASS_0125', 'PCASS_0309'] hot=- v>3:0/437(max0.4)
  targeted#38 FMS=1.000 (null=0.392 reach=1.000, n=410)  breaks=['PCASS_0075', 'PCASS_0126', 'PCASS_0309'] hot=- v>3:0/437(max0.4)
  targeted#39 FMS=1.000 (null=0.392 reach=1.000, n=410)  breaks=['PCASS_0075', 'PCASS_0127', 'PCASS_0309'] hot=- v>3:0/437(max0.4)
  targeted#40 FMS=1.000 (null=0.392 reach=1.000, n=410)  breaks=['PCASS_0075', 'PCASS_0128', 'PCASS_0309'] hot=- v>3:0/437(max0.4)
  targeted#41 FMS=1.000 (null=0.392 reach=1.000, n=410)  breaks=['PCASS_0075', 'PCASS_0145', 'PCASS_0309'] hot=- v>3:0/437(max0.7)
  targeted#42 FMS=1.000 (null=0.392 reach=1.000, n=410)  breaks=['PCASS_0075', 'PCASS_0146', 'PCASS_0309'] hot=- v>3:0/437(max0.7)
  targeted#43 FMS=1.000 (null=0.392 reach=1.000, n=410)  breaks=['PCASS_0075', 'PCASS_0147', 'PCASS_0309'] hot=- v>3:0/437(max0.7)
  targeted#44 FMS=1.000 (null=0.390 reach=1.000, n=410)  breaks=['PCASS_0075', 'PCASS_0298', 'PCASS_0309'] hot=- v>3:0/437(max0.4)
  targeted#45 FMS=1.000 (null=0.392 reach=1.000, n=410)  breaks=['PCASS_0075', 'PCASS_0299', 'PCASS_0309'] hot=- v>3:0/437(max0.7)
  targeted#46 FMS=1.000 (null=0.392 reach=1.000, n=410)  breaks=['PCASS_0075', 'PCASS_0300', 'PCASS_0309'] hot=- v>3:0/437(max0.7)
  targeted#47 FMS=1.000 (null=0.392 reach=1.000, n=410)  breaks=['PCASS_0075', 'PCASS_0304', 'PCASS_0309'] hot=- v>3:0/437(max0.7)
  targeted#48 FMS=1.000 (null=0.392 reach=1.000, n=410)  breaks=['PCASS_0075', 'PCASS_0309', 'PCASS_0335'] hot=- v>3:0/437(max0.4)
  targeted#49 FMS=1.000 (null=0.392 reach=1.000, n=410)  breaks=['PCASS_0075', 'PCASS_0309', 'PCASS_0336'] hot=- v>3:0/437(max0.4)
  targeted#50 FMS=1.000 (null=0.392 reach=1.000, n=410)  breaks=['PCASS_0075', 'PCASS_0309', 'PCASS_0340'] hot=- v>3:0/437(max0.4)
  targeted#51 FMS=1.000 (null=0.392 reach=1.000, n=410)  breaks=['PCASS_0075', 'PCASS_0309', 'PCASS_0391'] hot=- v>3:0/437(max0.4)
  targeted#52 FMS=1.000 (null=0.392 reach=1.000, n=410)  breaks=['PCASS_0075', 'PCASS_0309', 'PCASS_0426'] hot=- v>3:0/437(max0.7)
  targeted#53 FMS=1.000 (null=0.000 reach=1.000, n=410)  breaks=['PCASS_0075', 'PCASS_0309', 'PCASS_0430'] hot=- v>3:0/437(max0.3)
  targeted#54 FMS=1.000 (null=0.392 reach=1.000, n=410)  breaks=['PCASS_0075', 'PCASS_0099', 'PCASS_0309'] hot=- v>3:0/437(max0.4)
  targeted#55 FMS=1.000 (null=0.392 reach=1.000, n=410)  breaks=['PCASS_0075', 'PCASS_0227', 'PCASS_0309'] hot=- v>3:0/437(max0.4)
  targeted#56 FMS=1.000 (null=0.392 reach=1.000, n=410)  breaks=['PCASS_0075', 'PCASS_0228', 'PCASS_0309'] hot=- v>3:0/437(max0.4)
  targeted#57 FMS=1.000 (null=0.392 reach=1.000, n=410)  breaks=['PCASS_0075', 'PCASS_0229', 'PCASS_0309'] hot=- v>3:0/437(max0.4)
  targeted#58 FMS=1.000 (null=0.392 reach=1.000, n=410)  breaks=['PCASS_0075', 'PCASS_0109', 'PCASS_0309'] hot=- v>3:0/437(max0.4)
  targeted#59 FMS=1.000 (null=0.392 reach=1.000, n=410)  breaks=['PCASS_0075', 'PCASS_0110', 'PCASS_0309'] hot=- v>3:0/437(max0.4)
  source#0   FMS=1.000 (null=0.392 reach=1.000, n=410)  breaks=['PCASS_0428'] hot=- v>3:0/437(max0.4)
  source#1   FMS=1.000 (null=0.608 reach=1.000, n=410)  breaks=['PCASS_0430'] hot=- v>3:0/437(max1.1)
  source#2   FMS=1.000 (null=0.000 reach=1.000, n=410)  breaks=['PCASS_0428', 'PCASS_0430'] hot=- v>3:0/437(max0.3)
  -> ../raw-networks/aqueducts/Cassacco_totale.inp mean FMS = 0.993 over 123 situations
  -> ../raw-networks/aqueducts/Cassacco_totale.inp binary (critical=level 1 vs operational): TP=15567 FP=54 FN=238 TN=34571  accuracy=0.994 precision=0.997 recall=0.985 f1=0.991

AGGREGATE FMS across 123 situations: 0.993
AGGREGATE FMS by scenario kind (does fidelity hold outside independent random failure?):
  cluster    mean FMS = 0.995  (null=0.950 reach=0.997, n=60 situations)
  targeted   mean FMS = 0.991  (null=0.447 reach=0.990, n=60 situations)
  source     mean FMS = 1.000  (null=0.333 reach=1.000, n=3 situations)
REACHABILITY-BASELINE binary confusion, n=50430: TP=15544 FP=0 FN=261 TN=34625  precision=1.000 recall=0.983
AGGREGATE binary confusion (critical=level 1 vs operational), n=50430:
                  pred critical   pred operational
  true critical           15567                 238
  true operational           54               34571
  accuracy=0.994  precision=0.997  recall=0.985  f1=0.991
=== 11:57 starting ../raw-networks/aqueducts/Tarcento_totale.inp ===
/home/cristian-curaba/Desktop/CASCADE-v2/CASCADE-backend/.venv/lib/python3.12/site-packages/wntr/epanet/io.py:2082: UserWarning: Not all curves were used in "../raw-networks/aqueducts/Tarcento_totale.inp"; added with type None, units conversion left to user
  warnings.warn('Not all curves were used in "{}"; added with type None, units conversion left to user'.format(self.wn.name))

=== ../raw-networks/aqueducts/Tarcento_totale.inp (439 junctions, n_levels=3) ===
  cluster#0  FMS=1.000 (null=0.998 reach=1.000, n=424)  breaks=['PTAR_0149', 'PTAR_0399', 'PTAR_0263'] hot=- v>3:0/499(max1.1)
  cluster#1  FMS=1.000 (null=0.919 reach=1.000, n=424)  breaks=['PTAR_0015', 'PTAR_0026', 'PTAR_0023', 'PTAR_0021', 'PTAR_0396', 'PTAR_0024'] hot=- v>3:0/499(max1.1)
  cluster#2  FMS=1.000 (null=0.991 reach=1.000, n=424)  breaks=['PTAR_0052', 'PTAR_0203', 'PTAR_0137', 'PTAR_0138', 'PTAR_0132', 'PTAR_0202'] hot=- v>3:0/499(max1.1)
  cluster#3  FMS=1.000 (null=0.991 reach=1.000, n=424)  breaks=['PTAR_0333', 'PTAR_0231', 'PTAR_0220', 'PTAR_0236', 'PTAR_0237', 'PTAR_0380'] hot=- v>3:0/499(max1.1)
  cluster#4  FMS=1.000 (null=0.998 reach=1.000, n=424)  breaks=['PTAR_0362', 'PTAR_0172', 'PTAR_0321', 'PTAR_0101', 'PTAR_0173', 'PTAR_0170'] hot=- v>3:0/499(max1.1)
  cluster#5  FMS=1.000 (null=0.991 reach=1.000, n=424)  breaks=['PTAR_0300', 'PTAR_0287', 'PTAR_0288', 'PTAR_0037', 'PTAR_0289'] hot=- v>3:0/499(max1.1)
  cluster#6  FMS=1.000 (null=0.993 reach=1.000, n=424)  breaks=['PTAR_0118', 'PTAR_0119', 'PTAR_0117'] hot=- v>3:0/499(max1.1)
  cluster#8  FMS=1.000 (null=0.996 reach=1.000, n=424)  breaks=['PMAG_0168', 'PMAG_0169', 'PMAG_0094'] hot=- v>3:0/499(max1.1)
  cluster#9  FMS=1.000 (null=0.989 reach=0.998, n=424)  breaks=['PTAR_0355', 'PTAR_0342', 'PTAR_0262', 'PTAR_0263', 'PTAR_0350', 'PTAR_0327'] hot=- v>3:0/499(max1.2)
  cluster#10 FMS=1.000 (null=0.855 reach=1.000, n=424)  breaks=['PTAR_0339', 'PTAR_0003', 'PTAR_0394', 'PTAR_0028', 'PTAR_0010', 'PTAR_0004'] hot=- v>3:0/499(max1.1)
  cluster#13 FMS=1.000 (null=0.910 reach=1.000, n=424)  breaks=['PTAR_0027', 'PTAR_0011', 'PTAR_0028', 'PTAR_0015', 'PTAR_0014', 'PTAR_0340'] hot=- v>3:0/499(max1.1)
  cluster#14 FMS=0.991 (null=0.961 reach=0.977, n=424)  breaks=['PTAR_0111', 'PTAR_0305', 'PTAR_0290', 'PTAR_0304', 'PTAR_0153', 'PTAR_0146'] hot=- v>3:0/499(max1.0)
  cluster#16 FMS=1.000 (null=1.000 reach=1.000, n=424)  breaks=['PuSegnacco', 'PVNA_0020'] hot=- v>3:0/499(max1.1)
  cluster#17 FMS=1.000 (null=0.998 reach=1.000, n=424)  breaks=['PTAR_0200', 'PTAR_0187', 'PTAR_0199', 'PTAR_0197', 'PTAR_0191', 'PTAR_0189'] hot=- v>3:0/499(max1.1)
  cluster#18 FMS=1.000 (null=0.990 reach=1.000, n=424)  breaks=['PMAG_0135', 'PMAG_0130', 'PMAG_0137', 'PMAG_0136', 'PMAG_0139', 'PMAG_0146'] hot=- v>3:0/499(max1.1)
  cluster#20 FMS=1.000 (null=0.986 reach=1.000, n=424)  breaks=['PTAR_0126', 'PTAR_0239', 'PTAR_0241', 'PTAR_0243', 'PTAR_0127', 'PTAR_0137'] hot=- v>3:0/499(max1.1)
  cluster#22 FMS=1.000 (null=0.835 reach=1.000, n=424)  breaks=['PMAG_0106', 'PMAG_0192', 'PMAG_0118', 'PMAG_0119', 'PMAG_0121', 'PMAG_0120'] hot=- v>3:0/499(max1.1)
  cluster#23 FMS=1.000 (null=0.985 reach=1.000, n=424)  breaks=['PTAR_0092', 'PTAR_0400', 'PTAR_0066', 'PTAR_0069', 'PTAR_0065', 'PTAR_0067'] hot=- v>3:0/499(max1.1)
  cluster#24 FMS=1.000 (null=0.979 reach=1.000, n=424)  breaks=['PTAR_0069', 'PTAR_0093', 'PTAR_0381', 'PTAR_0070', 'PTAR_0243', 'PTAR_0242'] hot=- v>3:0/499(max1.1)
  cluster#25 FMS=0.995 (null=0.991 reach=1.000, n=424)  breaks=['PTAR_0309', 'PTAR_0310', 'PTAR_0371', 'PTAR_0369', 'PTAR_0370'] hot=- v>3:0/499(max1.1)
  cluster#26 FMS=1.000 (null=0.975 reach=1.000, n=424)  breaks=['PTAR_0270', 'PTAR_0266', 'PTAR_0188', 'PTAR_0099', 'PTAR_0268', 'PTAR_0098'] hot=- v>3:0/499(max1.0)
  cluster#27 FMS=1.000 (null=0.993 reach=1.000, n=424)  breaks=['PMAG_0085', 'PMAG_0168', 'PMAG_0017', 'PMAG_0094', 'PMAG_0101', 'PMAG_0084'] hot=- v>3:0/499(max1.1)
  cluster#30 FMS=1.000 (null=0.993 reach=1.000, n=424)  breaks=['PTAR_0228', 'PTAR_0227', 'PTAR_0220', 'PTAR_0229', 'PTAR_0231', 'PTAR_0226'] hot=- v>3:0/499(max1.0)
  cluster#31 FMS=1.000 (null=0.835 reach=1.000, n=424)  breaks=['PMAG_0106', 'PMAG_0180', 'PMAG_0121', 'PMAG_0141', 'PMAG_0173', 'PMAG_0112'] hot=- v>3:0/499(max1.1)
  cluster#33 FMS=1.000 (null=0.982 reach=1.000, n=424)  breaks=['PMAG_0108', 'PMAG_0110', 'PMAG_0180', 'PMAG_0142', 'PMAG_0107', 'PMAG_0109'] hot=- v>3:0/499(max1.1)
  cluster#34 FMS=0.995 (null=0.979 reach=1.000, n=424)  breaks=['PTAR_0312', 'PTAR_0057', 'PTAR_0314', 'PTAR_0299', 'PTAR_0309', 'PTAR_0053'] hot=- v>3:0/499(max1.1)
  cluster#37 FMS=1.000 (null=0.993 reach=1.000, n=424)  breaks=['PTAR_0272', 'PTAR_0277', 'PTAR_0055', 'PTAR_0054', 'PTAR_0274', 'PTAR_0271'] hot=- v>3:0/499(max1.1)
  cluster#38 FMS=1.000 (null=0.983 reach=1.000, n=424)  breaks=['PTAR_0141', 'PTAR_0044', 'PTAR_0045', 'PTAR_0038', 'PTAR_0040', 'PTAR_0336'] hot=- v>3:0/499(max1.1)
  cluster#40 FMS=1.000 (null=0.980 reach=1.000, n=424)  breaks=['PMAG_0109', 'PMAG_0105', 'PMAG_0179', 'PMAG_0110', 'PMAG_0108', 'PMAG_0180'] hot=- v>3:0/499(max1.1)
  cluster#41 FMS=0.998 (null=0.989 reach=0.996, n=424)  breaks=['PTAR_0080', 'PTAR_0072', 'PTAR_0084', 'PTAR_0085', 'PTAR_0071'] hot=- v>3:0/499(max1.6)
  cluster#42 FMS=1.000 (null=0.993 reach=1.000, n=424)  breaks=['PTAR_0117', 'PTAR_0118', 'PTAR_0119'] hot=- v>3:0/499(max1.1)
  cluster#43 FMS=1.000 (null=0.983 reach=1.000, n=424)  breaks=['PTAR_0042', 'PTAR_0151', 'PTAR_0156', 'PTAR_0157', 'PTAR_0043', 'PTAR_0150'] hot=- v>3:0/499(max1.1)
  cluster#44 FMS=1.000 (null=0.962 reach=1.000, n=424)  breaks=['PMAG_0173', 'PMAG_0113', 'PMAG_0103', 'PMAG_0111', 'PMAG_0174', 'PMAG_0102'] hot=- v>3:0/499(max1.1)
  cluster#45 FMS=1.000 (null=0.999 reach=1.000, n=424)  breaks=['PTAR_0125', 'PTAR_0258', 'PTAR_0261'] hot=- v>3:0/499(max1.1)
  cluster#46 FMS=0.997 (null=0.993 reach=0.999, n=424)  breaks=['PTAR_0343', 'PTAR_0178', 'PTAR_0357', 'PTAR_0344', 'PTAR_0345', 'PTAR_0180'] hot=- v>3:0/499(max1.5)
  cluster#47 FMS=0.874 (null=0.918 reach=1.000, n=424)  breaks=['PMAG_0113', 'PMAG_0129', 'PMAG_0119', 'PMAG_0173', 'PMAG_0111', 'PMAG_0105'] hot=- v>3:0/499(max1.1)
  cluster#48 FMS=1.000 (null=0.984 reach=1.000, n=424)  breaks=['PTAR_0366', 'PTAR_0175', 'PTAR_0101', 'PTAR_0100', 'PTAR_0174', 'PTAR_0363'] hot=- v>3:0/499(max1.1)
  cluster#49 FMS=1.000 (null=0.998 reach=1.000, n=424)  breaks=['PTAR_0106', 'PTAR_0313', 'PTAR_0107', 'PTAR_0298', 'PTAR_0102', 'PTAR_0312'] hot=- v>3:0/499(max1.1)
  cluster#50 FMS=1.000 (null=0.992 reach=1.000, n=424)  breaks=['PMAG_0161', 'PMAG_0186', 'PMAG_0131', 'PMAG_0160', 'PMAG_0185', 'PMAG_0132'] hot=- v>3:0/499(max1.1)
  cluster#51 FMS=1.000 (null=0.984 reach=1.000, n=424)  breaks=['PTAR_0056', 'PTAR_0130', 'PTAR_0204', 'PTAR_0267', 'PTAR_0266', 'PTAR_0264'] hot=- v>3:0/499(max1.0)
  cluster#54 FMS=1.000 (null=0.993 reach=1.000, n=424)  breaks=['PTAR_0320', 'PTAR_0362', 'PTAR_0321', 'PTAR_0325', 'PTAR_0324', 'PTAR_0322'] hot=- v>3:0/499(max1.1)
  cluster#55 FMS=1.000 (null=0.990 reach=1.000, n=424)  breaks=['PMAG_0176', 'PMAG_0116', 'PMAG_0132', 'PMAG_0126', 'PMAG_0115', 'PMAG_0114'] hot=- v>3:0/499(max1.1)
  cluster#56 FMS=1.000 (null=0.979 reach=1.000, n=424)  breaks=['PTAR_0069', 'PTAR_0243', 'PTAR_0238', 'PTAR_0070', 'PTAR_0242', 'PTAR_0126'] hot=- v>3:0/499(max1.1)
  cluster#57 FMS=0.008 (null=0.992 reach=1.000, n=424)  breaks=['PMAG_0129', 'PMAG_0144', 'PMAG_0146', 'PMAG_0158', 'PMAG_0143', 'PMAG_0157'] hot=- v>3:0/499(max1.1)
  cluster#58 FMS=1.000 (null=0.998 reach=1.000, n=424)  breaks=['PTAR_0125', 'PTAR_0261', 'PTAR_0259', 'PTAR_0257', 'PTAR_0256', 'PTAR_0258'] hot=- v>3:0/499(max1.1)
  cluster#59 FMS=1.000 (null=0.994 reach=1.000, n=424)  breaks=['PMAG_0174', 'PMAG_0102', 'PMAG_0104', 'PMAG_0103', 'PMAG_0113'] hot=- v>3:0/499(max1.1)
  targeted#0 FMS=0.992 (null=0.990 reach=0.990, n=424)  breaks=['PTAR_0031'] hot=- v>3:0/499(max1.2)
  targeted#1 FMS=0.992 (null=0.987 reach=0.987, n=424)  breaks=['PTAR_0032'] hot=- v>3:0/499(max1.2)
  targeted#2 FMS=0.999 (null=0.999 reach=0.999, n=424)  breaks=['PTAR_0035'] hot=- v>3:0/499(max1.6)
  targeted#3 FMS=1.000 (null=1.000 reach=1.000, n=424)  breaks=['PTAR_0059'] hot=- v>3:0/499(max1.0)
  targeted#4 FMS=0.999 (null=0.999 reach=0.999, n=424)  breaks=['PTAR_0062'] hot=- v>3:0/499(max1.6)
  targeted#8 FMS=0.995 (null=0.995 reach=0.995, n=424)  breaks=['PTAR_0077'] hot=- v>3:0/499(max1.2)
  targeted#15 FMS=0.992 (null=0.990 reach=0.990, n=424)  breaks=['PTAR_0031', 'PTAR_0073'] hot=- v>3:0/499(max1.2)
  targeted#22 FMS=0.990 (null=0.987 reach=0.987, n=424)  breaks=['PTAR_0031', 'PTAR_0086'] hot=- v>3:0/499(max1.2)
  targeted#24 FMS=0.991 (null=0.989 reach=0.989, n=424)  breaks=['PTAR_0031', 'PTAR_0088'] hot=- v>3:0/499(max1.2)
  targeted#28 FMS=0.992 (null=0.990 reach=0.990, n=424)  breaks=['PTAR_0031', 'PVNA_0020'] hot=- v>3:0/499(max1.2)
  targeted#29 FMS=0.992 (null=0.990 reach=0.990, n=424)  breaks=['PTAR_0031', 'PVNA_0021'] hot=- v>3:0/499(max1.2)
  targeted#31 FMS=0.991 (null=0.986 reach=0.989, n=424)  breaks=['PTAR_0031', 'PTAR_0032', 'PTAR_0059'] hot=- v>3:0/499(max1.2)
  targeted#34 FMS=0.992 (null=0.987 reach=0.990, n=424)  breaks=['PTAR_0031', 'PTAR_0032', 'PTAR_0073'] hot=- v>3:0/499(max1.2)
  targeted#36 FMS=0.995 (null=0.979 reach=0.995, n=424)  breaks=['PTAR_0031', 'PTAR_0032', 'PTAR_0077'] hot=- v>3:0/499(max1.2)
  targeted#37 FMS=0.991 (null=0.986 reach=0.989, n=424)  breaks=['PTAR_0031', 'PTAR_0032', 'PTAR_0079'] hot=- v>3:0/499(max1.2)
  targeted#40 FMS=0.991 (null=0.986 reach=0.989, n=424)  breaks=['PTAR_0031', 'PTAR_0032', 'PTAR_0083'] hot=- v>3:0/499(max1.2)
  targeted#43 FMS=0.991 (null=0.986 reach=0.989, n=424)  breaks=['PTAR_0031', 'PTAR_0032', 'PTAR_0088'] hot=- v>3:0/499(max1.2)
  targeted#46 FMS=0.991 (null=0.986 reach=0.989, n=424)  breaks=['PTAR_0031', 'PTAR_0032', 'PTAR_0386'] hot=- v>3:0/499(max1.2)
  targeted#52 FMS=0.992 (null=0.987 reach=0.990, n=424)  breaks=['1', 'PTAR_0031', 'PTAR_0032'] hot=- v>3:0/499(max1.2)
  targeted#54 FMS=0.225 (null=0.775 reach=0.777, n=424)  breaks=['PTAR_0031', 'PTAR_0032', 'PTAR_0176'] hot=- v>3:0/499(max1.7)
  targeted#55 FMS=0.986 (null=0.982 reach=0.984, n=424)  breaks=['PTAR_0031', 'PTAR_0032', 'PTAR_0206'] hot=- v>3:0/499(max1.2)
  targeted#57 FMS=0.991 (null=0.986 reach=0.989, n=424)  breaks=['PTAR_0031', 'PTAR_0032', 'PTAR_0071'] hot=- v>3:0/499(max1.2)
  targeted#59 FMS=0.976 (null=0.962 reach=0.965, n=424)  breaks=['PTAR_0031', 'PTAR_0032', 'PTAR_0111'] hot=- v>3:0/499(max1.0)
  tank#0     FMS=1.000 (null=0.835 reach=1.000, n=424)  breaks=['2', 'PMAG_0192'] hot=- v>3:0/499(max1.1)
  tank#3     FMS=0.994 (null=0.824 reach=0.990, n=424)  breaks=['1', '2', 'ADD_MUSI', 'PMAG_0192'] hot=- v>3:0/499(max1.1)
  tank#4     FMS=0.987 (null=0.832 reach=0.998, n=424)  breaks=['2', 'PMAG_0192', 'PTAR_0176', 'PTAR_0397', 'PTAR_0398', 'PVNA_0024'] hot=- v>3:0/499(max1.8)
  tank#5     FMS=0.665 (null=0.501 reach=0.501, n=424)  breaks=['1', 'ADD_MUSI', 'PTAR_0176', 'PTAR_0397', 'PTAR_0398', 'PVNA_0024'] hot=- v>3:0/499(max0.6)
  tank#6     FMS=1.000 (null=0.000 reach=1.000, n=424)  breaks=['1', '2', 'ADD_MUSI', 'PMAG_0192', 'PTAR_0176', 'PTAR_0397', 'PTAR_0398', 'PVNA_0024'] hot=- v>3:0/499(max0.5)
  source#0   FMS=1.000 (null=1.000 reach=1.000, n=424)  breaks=['PuSegnacco'] hot=- v>3:0/499(max1.1)
  -> ../raw-networks/aqueducts/Tarcento_totale.inp mean FMS = 0.967 over 75 situations
  -> ../raw-networks/aqueducts/Tarcento_totale.inp binary (critical=level 1 vs operational): TP=1575 FP=888 FN=38 TN=29299  accuracy=0.971 precision=0.639 recall=0.976 f1=0.773

AGGREGATE FMS across 75 situations: 0.967
AGGREGATE FMS by scenario kind (does fidelity hold outside independent random failure?):
  cluster    mean FMS = 0.975  (null=0.974 reach=0.999, n=46 situations)
  targeted   mean FMS = 0.959  (null=0.979 reach=0.980, n=23 situations)
  tank       mean FMS = 0.929  (null=0.598 reach=0.898, n=5 situations)
  source     mean FMS = 1.000  (null=1.000 reach=1.000, n=1 situations)
REACHABILITY-BASELINE binary confusion, n=31800: TP=1213 FP=0 FN=400 TN=30187  precision=1.000 recall=0.752
AGGREGATE binary confusion (critical=level 1 vs operational), n=31800:
                  pred critical   pred operational
  true critical            1575                  38
  true operational          888               29299
  accuracy=0.971  precision=0.639  recall=0.976  f1=0.773
=== 12:08 starting ../raw-networks/aqueducts/Zampis.inp ===

=== ../raw-networks/aqueducts/Zampis.inp (607 junctions, n_levels=3) ===
  cluster#0  FMS=1.000 (null=0.976 reach=1.000, n=601)  breaks=['PZAM_0121', 'PZAM_0132', 'PZAM_0178', 'PZAM_0110', 'PZAM_0133', 'PZAM_0130'] hot=- v>3:0/674(max1.4)
  cluster#1  FMS=1.000 (null=0.993 reach=1.000, n=601)  breaks=['PZAM_0120', 'PZAM_0152', 'PZAM_0115', 'PZAM_0154', 'PZAM_0119', 'PZAM_0153'] hot=- v>3:0/674(max1.6)
  cluster#2  FMS=0.884 (null=0.880 reach=0.884, n=601)  breaks=['PZAM_0480', 'PZAM_0410', 'PZAM_0384', 'PZAM_0383', 'PZAM_0382', 'PZAM_0385'] hot=- v>3:0/674(max1.8)
  cluster#3  FMS=1.000 (null=0.988 reach=1.000, n=601)  breaks=['PZAM_0473', 'PZAM_0475', 'PZAM_0474', 'PZAM_0606', 'PZAM_0461', 'PZAM_0392'] hot=- v>3:0/674(max1.6)
  cluster#4  FMS=1.000 (null=0.797 reach=1.000, n=601)  breaks=['PFRC_0850', 'PFRC_0802', 'PFRC_0657'] hot=- v>3:0/674(max1.8)
  cluster#5  FMS=1.000 (null=0.995 reach=1.000, n=601)  breaks=['PZAM_0574', 'PZAM_0313', 'PZAM_0589', 'PZAM_0575', 'PZAM_0314', 'PZAM_0316'] hot=- v>3:0/674(max1.6)
  cluster#6  FMS=1.000 (null=0.989 reach=1.000, n=601)  breaks=['PZAM_0300', 'PZAM_0504', 'PZAM_0431', 'PZAM_0506', 'PZAM_0430', 'PZAM_0505'] hot=- v>3:0/674(max1.6)
  cluster#7  FMS=1.000 (null=0.988 reach=1.000, n=601)  breaks=['PZAM_0360', 'PZAM_0361', 'PZAM_0502', 'PZAM_0503', 'PZAM_0501', 'PZAM_0362'] hot=- v>3:0/674(max1.6)
  cluster#8  FMS=0.795 (null=0.993 reach=1.000, n=601)  breaks=['PZAM_0239', 'PZAM_0233', 'PZAM_0642', 'PZAM_0229', 'PZAM_0596', 'PZAM_0298'] hot=- v>3:0/674(max1.6)
  cluster#9  FMS=1.000 (null=0.993 reach=1.000, n=601)  breaks=['PZAM_0082', 'PZAM_0056', 'PZAM_0018', 'PZAM_0079', 'PZAM_0020', 'PZAM_0084'] hot=- v>3:0/674(max1.6)
  cluster#10 FMS=1.000 (null=0.993 reach=1.000, n=601)  breaks=['PZAM_0110', 'PZAM_0112', 'PZAM_0130', 'PZAM_0111', 'PZAM_0178', 'PZAM_0132'] hot=- v>3:0/674(max1.6)
  cluster#11 FMS=1.000 (null=0.995 reach=1.000, n=601)  breaks=['PZAM_0033', 'PZAM_0068', 'PZAM_0084', 'PZAM_0034', 'PZAM_0069'] hot=- v>3:0/674(max1.6)
  cluster#12 FMS=1.000 (null=0.983 reach=1.000, n=601)  breaks=['PZAM_0362', 'PZAM_0361', 'PZAM_0360', 'PZAM_0502', 'PZAM_0459', 'PZAM_0503'] hot=- v>3:0/674(max1.6)
  cluster#13 FMS=0.993 (null=0.995 reach=1.000, n=601)  breaks=['PZAM_0575', 'PZAM_0312', 'PZAM_0574', 'PZAM_0314', 'PZAM_0313', 'PZAM_0589'] hot=- v>3:0/674(max1.7)
  cluster#14 FMS=1.000 (null=0.995 reach=1.000, n=601)  breaks=['PZAM_0001', 'PZAM_0190', 'PZAM_0002', 'PZAM_0129'] hot=- v>3:0/674(max1.6)
  cluster#15 FMS=1.000 (null=0.995 reach=1.000, n=601)  breaks=['PZAM_0289', 'PZAM_0290', 'PZAM_0212', 'PZAM_0293', 'PZAM_0237', 'PZAM_0216'] hot=- v>3:0/674(max1.6)
  cluster#16 FMS=1.000 (null=0.985 reach=1.000, n=601)  breaks=['PZAM_0234', 'PZAM_0205', 'PZAM_0206', 'PZAM_0284', 'PZAM_0207', 'PZAM_0283'] hot=- v>3:0/674(max1.6)
  cluster#17 FMS=0.999 (null=0.995 reach=0.999, n=601)  breaks=['PZAM_0397', 'PZAM_0311', 'PZAM_0590', 'PZAM_0557'] hot=- v>3:0/674(max1.7)
  cluster#18 FMS=1.000 (null=0.989 reach=1.000, n=601)  breaks=['PZAM_0116', 'PZAM_0126', 'PZAM_0184', 'PZAM_0185', 'PZAM_0172', 'PZAM_0125'] hot=- v>3:0/674(max1.5)
  cluster#19 FMS=0.001 (null=0.999 reach=1.000, n=601)  breaks=['PZAM_0321', 'PZAM_0541', 'PZAM_0435', 'PZAM_0336', 'PZAM_0433', 'PZAM_0320'] hot=- v>3:0/674(max1.6)
  cluster#20 FMS=0.931 (null=0.730 reach=0.734, n=601)  breaks=['PZAM_0395', 'PZAM_0475', 'PZAM_0419', 'PZAM_0406', 'PZAM_0605', 'PZAM_0473'] hot=- v>3:0/674(max1.8)
  cluster#21 FMS=0.026 (null=0.974 reach=0.975, n=601)  breaks=['PZAM_0342', 'PZAM_0436', 'PZAM_0351', 'PZAM_0580', 'PZAM_0544', 'PZAM_0337'] hot=- v>3:0/674(max1.7)
  cluster#22 FMS=0.006 (null=0.994 reach=0.997, n=601)  breaks=['PZAM_0433', 'PZAM_0516', 'PZAM_0510', 'PZAM_0326', 'PZAM_0525', 'PZAM_0322'] hot=- v>3:0/674(max1.6)
  cluster#23 FMS=0.999 (null=0.991 reach=0.999, n=601)  breaks=['PZAM_0412', 'PZAM_0414', 'PZAM_0413', 'PZAM_0334', 'PZAM_0426', 'PZAM_0415'] hot=- v>3:0/674(max1.6)
  cluster#24 FMS=1.000 (null=0.988 reach=1.000, n=601)  breaks=['PZAM_0428', 'PZAM_0417', 'PZAM_0302', 'PZAM_0303', 'PZAM_0592', 'PZAM_0429'] hot=- v>3:0/674(max1.5)
  cluster#25 FMS=0.797 (null=0.995 reach=1.000, n=601)  breaks=['PZAM_0539', 'PZAM_0537', 'PZAM_0536', 'PZAM_0342', 'PZAM_0341', 'PZAM_0538'] hot=- v>3:0/674(max1.6)
  cluster#26 FMS=1.000 (null=0.996 reach=1.000, n=601)  breaks=['PZAM_0023', 'PZAM_0052', 'PZAM_0053', 'PZAM_0098'] hot=- v>3:0/674(max1.6)
  cluster#27 FMS=0.996 (null=0.993 reach=1.000, n=601)  breaks=['PZAM_0216', 'PZAM_0212', 'PZAM_0240', 'PZAM_0241', 'PZAM_0295', 'PZAM_0231'] hot=- v>3:0/674(max1.6)
  cluster#28 FMS=1.000 (null=0.993 reach=1.000, n=601)  breaks=['PZAM_0488', 'PZAM_0489', 'PZAM_0372', 'PZAM_0487', 'PZAM_0371'] hot=- v>3:0/674(max1.6)
  cluster#29 FMS=0.001 (null=0.999 reach=1.000, n=601)  breaks=['PZAM_0433', 'PZAM_0435', 'PZAM_0434', 'PZAM_0328', 'PZAM_0321', 'PZAM_0541'] hot=- v>3:0/674(max1.6)
  cluster#30 FMS=0.031 (null=0.969 reach=0.970, n=601)  breaks=['PZAM_0511', 'PZAM_0336', 'PZAM_0338', 'PZAM_0621', 'PZAM_0435', 'PZAM_0541'] hot=- v>3:0/674(max1.6)
  cluster#31 FMS=1.000 (null=0.996 reach=1.000, n=601)  breaks=['PZAM_0602', 'PZAM_0232', 'PZAM_0224', 'PZAM_0231', 'PZAM_0243', 'PZAM_0242'] hot=- v>3:0/674(max1.6)
  cluster#32 FMS=0.244 (null=0.756 reach=0.882, n=601)  breaks=['PFRC_0631', 'PFRC_0637', 'PZAM_0194', 'PZAM_0286', 'PFRC_0639', 'PZAM_0003'] hot=- v>3:0/674(max1.5)
  cluster#33 FMS=0.756 (null=0.448 reach=0.452, n=601)  breaks=['PZAM_0596', 'PFRC_0626', 'PFRC_0821', 'PFRC_0625', 'PZAM_0228', 'PFRC_0853'] hot=- v>3:0/674(max0.7)
  cluster#34 FMS=1.000 (null=0.996 reach=1.000, n=601)  breaks=['PZAM_0243', 'PZAM_0241', 'PZAM_0224', 'PZAM_0601', 'PZAM_0593', 'PZAM_0602'] hot=- v>3:0/674(max1.6)
  cluster#35 FMS=1.000 (null=0.995 reach=1.000, n=601)  breaks=['PZAM_0001', 'PZAM_0002', 'PZAM_0129', 'PZAM_0190'] hot=- v>3:0/674(max1.6)
  cluster#36 FMS=0.999 (null=0.995 reach=1.000, n=601)  breaks=['PZAM_0213', 'PZAM_0289', 'PZAM_0292', 'PZAM_0237', 'PZAM_0215', 'PZAM_0216'] hot=- v>3:0/674(max1.6)
  cluster#37 FMS=1.000 (null=0.971 reach=1.000, n=601)  breaks=['PZAM_0522', 'PZAM_0525', 'PZAM_0325', 'PZAM_0524', 'PZAM_0327', 'PZAM_0329'] hot=- v>3:0/674(max1.6)
  cluster#38 FMS=1.000 (null=0.988 reach=1.000, n=601)  breaks=['PZAM_0364', 'PZAM_0408', 'PZAM_0459', 'PZAM_0407', 'PZAM_0363', 'PZAM_0456'] hot=- v>3:0/674(max1.6)
  cluster#39 FMS=0.670 (null=0.865 reach=0.873, n=601)  breaks=['PZAM_0496', 'PZAM_0367', 'PZAM_0497', 'PZAM_0366', 'PZAM_0495', 'PZAM_0499'] hot=- v>3:0/674(max2.0)
  cluster#40 FMS=1.000 (null=0.995 reach=1.000, n=601)  breaks=['PZAM_0086', 'PZAM_0036', 'PZAM_0089', 'PZAM_0088', 'PZAM_0085', 'PZAM_0041'] hot=- v>3:0/674(max1.6)
  cluster#41 FMS=1.000 (null=0.993 reach=1.000, n=601)  breaks=['PZAM_0333', 'PZAM_0532', 'PZAM_0331', 'PZAM_0526', 'PZAM_0533', 'PZAM_0330'] hot=- v>3:0/674(max1.6)
  cluster#42 FMS=0.992 (null=0.995 reach=1.000, n=601)  breaks=['PZAM_0401', 'PZAM_0403', 'PZAM_0402', 'PZAM_0309', 'PZAM_0454'] hot=- v>3:0/674(max1.8)
  cluster#43 FMS=0.006 (null=0.994 reach=0.999, n=601)  breaks=['PZAM_0057', 'PZAM_0053', 'PZAM_0054', 'PZAM_0024', 'PZAM_0025', 'PZAM_0026'] hot=- v>3:0/674(max1.6)
  cluster#44 FMS=1.000 (null=0.987 reach=1.000, n=601)  breaks=['PZAM_0062', 'PZAM_0061', 'PZAM_0028', 'PZAM_0057', 'PZAM_0031', 'PZAM_0029'] hot=- v>3:0/674(max1.6)
  cluster#45 FMS=1.000 (null=0.993 reach=1.000, n=601)  breaks=['PZAM_0642', 'PZAM_0233', 'PZAM_0298', 'PZAM_0228', 'PZAM_0299', 'PZAM_0239'] hot=- v>3:0/674(max1.6)
  cluster#46 FMS=0.999 (null=0.991 reach=0.999, n=601)  breaks=['PZAM_0526', 'PZAM_0333', 'PZAM_0329', 'PZAM_0331', 'PZAM_0332', 'PZAM_0527'] hot=- v>3:0/674(max1.6)
  cluster#47 FMS=1.000 (null=0.980 reach=1.000, n=601)  breaks=['PZAM_0001', 'PZAM_0155', 'PZAM_0133', 'PZAM_0113', 'PZAM_0177', 'PZAM_0302'] hot=- v>3:0/674(max1.4)
  cluster#48 FMS=0.797 (null=0.976 reach=1.000, n=601)  breaks=['PZAM_0528', 'PZAM_0325', 'PZAM_0524', 'PZAM_0326', 'PZAM_0331', 'PZAM_0322'] hot=- v>3:0/674(max1.6)
  cluster#49 FMS=1.000 (null=0.991 reach=1.000, n=601)  breaks=['PZAM_0306', 'PZAM_0449', 'PZAM_0450', 'PZAM_0451', 'PZAM_0307', 'PZAM_0308'] hot=- v>3:0/674(max1.8)
